Archive member included because of file (symbol)

contiki-avr-atmega128rfa1.a(contiki-main.o)
                              /usr/lib/gcc/avr/4.8.1/../../../avr/lib/avr51/crtm128rfa1.o (main)
contiki-avr-atmega128rfa1.a(params.o)
                              contiki-avr-atmega128rfa1.a(contiki-main.o) (params_get_channel)
contiki-avr-atmega128rfa1.a(clock.o)
                              contiki-avr-atmega128rfa1.a(contiki-main.o) (clock_init)
contiki-avr-atmega128rfa1.a(rs232.o)
                              contiki-avr-atmega128rfa1.a(contiki-main.o) (rs232_init)
contiki-avr-atmega128rfa1.a(watchdog.o)
                              contiki-avr-atmega128rfa1.a(contiki-main.o) (watchdog_init)
contiki-avr-atmega128rfa1.a(random.o)
                              contiki-avr-atmega128rfa1.a(contiki-main.o) (random_init)
contiki-avr-atmega128rfa1.a(rf230bb.o)
                              contiki-avr-atmega128rfa1.a(clock.o) (RF230_receive_on)
contiki-avr-atmega128rfa1.a(halbb.o)
                              contiki-avr-atmega128rfa1.a(rf230bb.o) (hal_init)
contiki-avr-atmega128rfa1.a(autostart.o)
                              contiki-avr-atmega128rfa1.a(contiki-main.o) (autostart_start)
contiki-avr-atmega128rfa1.a(energest.o)
                              contiki-avr-atmega128rfa1.a(rf230bb.o) (energest_current_time)
contiki-avr-atmega128rfa1.a(ctimer.o)
                              contiki-avr-atmega128rfa1.a(contiki-main.o) (ctimer_init)
contiki-avr-atmega128rfa1.a(etimer.o)
                              contiki-avr-atmega128rfa1.a(clock.o) (etimer_request_poll)
contiki-avr-atmega128rfa1.a(process.o)
                              contiki-avr-atmega128rfa1.a(ctimer.o) (process_current)
contiki-avr-atmega128rfa1.a(rtimer.o)
                              contiki-avr-atmega128rfa1.a(contiki-main.o) (rtimer_init)
contiki-avr-atmega128rfa1.a(timer.o)
                              contiki-avr-atmega128rfa1.a(etimer.o) (timer_set)
contiki-avr-atmega128rfa1.a(list.o)
                              contiki-avr-atmega128rfa1.a(ctimer.o) (list_init)
contiki-avr-atmega128rfa1.a(print-stats.o)
                              contiki-avr-atmega128rfa1.a(contiki-main.o) (print_stats)
contiki-avr-atmega128rfa1.a(uip-ds6.o)
                              objs-128rfa1/sdds-contiki-NodeConfig.o (uip_ds6_if)
contiki-avr-atmega128rfa1.a(uip-ds6-route.o)
                              contiki-avr-atmega128rfa1.a(uip-ds6.o) (uip_ds6_route_init)
contiki-avr-atmega128rfa1.a(uip6.o)
                              objs-128rfa1/sdds-contiki-NodeConfig.o (uip_htons)
contiki-avr-atmega128rfa1.a(uip-ds6-nbr.o)
                              contiki-avr-atmega128rfa1.a(contiki-main.o) (ds6_neighbors)
contiki-avr-atmega128rfa1.a(uip-nd6.o)
                              contiki-avr-atmega128rfa1.a(uip-ds6-nbr.o) (uip_nd6_ns_output)
contiki-avr-atmega128rfa1.a(sicslowpan.o)
                              contiki-avr-atmega128rfa1.a(contiki-main.o) (sicslowpan_driver)
contiki-avr-atmega128rfa1.a(uip-packetqueue)
                              contiki-avr-atmega128rfa1.a(uip-ds6-nbr.o) (uip_packetqueue_new)
contiki-avr-atmega128rfa1.a(uip-udp-packet.)
                              objs-128rfa1/sdds-contiki-UDP.o (uip_udp_packet_sendto)
contiki-avr-atmega128rfa1.a(tcpip.o)
                              contiki-avr-atmega128rfa1.a(sicslowpan.o) (tcpip_set_outputfunc)
contiki-avr-atmega128rfa1.a(uip-split.o)
                              contiki-avr-atmega128rfa1.a(tcpip.o) (uip_split_output)
contiki-avr-atmega128rfa1.a(simple-udp.o)
                              objs-128rfa1/sdds-contiki-UDP.o (simple_udp_register)
contiki-avr-atmega128rfa1.a(uiplib.o)
                              objs-128rfa1/sdds-contiki-UDP.o (uiplib_ip6addrconv)
contiki-avr-atmega128rfa1.a(uip-debug.o)
                              objs-128rfa1/sdds-contiki-UDP.o (uip_debug_ipaddr_print)
contiki-avr-atmega128rfa1.a(rpl-ext-header.)
                              contiki-avr-atmega128rfa1.a(uip6.o) (rpl_verify_header)
contiki-avr-atmega128rfa1.a(rpl.o)
                              contiki-avr-atmega128rfa1.a(uip-ds6-nbr.o) (rpl_link_neighbor_callback)
contiki-avr-atmega128rfa1.a(rpl-mrhof.o)
                              contiki-avr-atmega128rfa1.a(rpl.o) (rpl_mrhof)
contiki-avr-atmega128rfa1.a(rpl-dag.o)
                              contiki-avr-atmega128rfa1.a(rpl-mrhof.o) (rpl_get_nbr)
contiki-avr-atmega128rfa1.a(nullmac.o)
                              contiki-avr-atmega128rfa1.a(contiki-main.o) (nullmac_driver)
contiki-avr-atmega128rfa1.a(framer-802154.o)
                              contiki-avr-atmega128rfa1.a(sicslowpan.o) (framer_802154)
contiki-avr-atmega128rfa1.a(frame802154.o)
                              contiki-avr-atmega128rfa1.a(framer-802154.o) (frame802154_hdrlen)
contiki-avr-atmega128rfa1.a(framer.o)
                              contiki-avr-atmega128rfa1.a(framer-802154.o) (framer_canonical_create_and_secure)
contiki-avr-atmega128rfa1.a(queuebuf.o)
[...]
Memory Configuration

Name             Origin             Length             Attributes
text             0x0000000000000000 0x0000000000020000 xr
data             0x0000000000800100 0x000000000000ff00 rw !x
eeprom           0x0000000000810000 0x0000000000010000 rw !x
fuse             0x0000000000820000 0x0000000000000400 rw !x
lock             0x0000000000830000 0x0000000000000400 rw !x
signature        0x0000000000840000 0x0000000000000400 rw !x
user_signatures  0x0000000000850000 0x0000000000000400 rw !x
*default*        0x0000000000000000 0xffffffffffffffff

Linker script and memory map

Address of section .data set to 0x800200
LOAD /usr/lib/gcc/avr/4.8.1/../../../avr/lib/avr51/crtm128rfa1.o
Address of section .bootloader set to 0x1f800
LOAD sdds.co
LOAD objs-128rfa1/sdds-DataSource.o
LOAD objs-128rfa1/sdds-BuiltinTopic.o
LOAD objs-128rfa1/sdds-sDDS.o
LOAD objs-128rfa1/sdds-DataSink.o
LOAD objs-128rfa1/sdds-Marshalling.o
LOAD objs-128rfa1/sdds-NetBuffRef.o
LOAD objs-128rfa1/sdds-TopicDB.o
LOAD objs-128rfa1/sdds-Discovery.o
LOAD objs-128rfa1/sdds-Msg.o
LOAD objs-128rfa1/sdds-Locator.o
LOAD objs-128rfa1/sdds-Management.o
LOAD objs-128rfa1/sdds-Debug.o
LOAD objs-128rfa1/sdds-SNPS.o
LOAD objs-128rfa1/sdds-LocatorDB.o
LOAD objs-128rfa1/sdds-Topic.o
LOAD objs-128rfa1/sdds-contiki-NodeConfig.o
LOAD objs-128rfa1/sdds-contiki-UDP.o
LOAD objs-128rfa1/sdds-contiki-Log.o
LOAD objs-128rfa1/sdds-contiki-Memory.o
LOAD objs-128rfa1/sdds-contiki-Task.o
LOAD objs-128rfa1/atmega_sdds_impl.o
LOAD objs-128rfa1/alpha-ds.o
LOAD objs-128rfa1/beta-ds.o
LOAD contiki-avr-atmega128rfa1.a
START GROUP
LOAD /usr/lib/gcc/avr/4.8.1/avr51/libgcc.a
LOAD /usr/lib/gcc/avr/4.8.1/../../../avr/lib/avr51/libm.a
LOAD /usr/lib/gcc/avr/4.8.1/../../../avr/lib/avr51/libc.a
END GROUP

.hash
 *(.hash)

.dynsym
 *(.dynsym)

.dynstr
 *(.dynstr)

.gnu.version
 *(.gnu.version)

.gnu.version_d
 *(.gnu.version_d)

.gnu.version_r
 *(.gnu.version_r)

.rel.init
 *(.rel.init)

.rela.init
 *(.rela.init)

.rel.text
 *(.rel.text)
 *(.rel.text.*)
 *(.rel.gnu.linkonce.t*)

.rela.text
 *(.rela.text)
 *(.rela.text.*)
 *(.rela.gnu.linkonce.t*)

.rel.fini
 *(.rel.fini)

.rela.fini
 *(.rela.fini)

.rel.rodata
 *(.rel.rodata)
 *(.rel.rodata.*)
 *(.rel.gnu.linkonce.r*)

.rela.rodata
 *(.rela.rodata)
 *(.rela.rodata.*)
 *(.rela.gnu.linkonce.r*)

.rel.data
 *(.rel.data)
 *(.rel.data.*)
 *(.rel.gnu.linkonce.d*)

.rela.data
 *(.rela.data)
 *(.rela.data.*)
 *(.rela.gnu.linkonce.d*)

.rel.ctors
 *(.rel.ctors)

.rela.ctors
 *(.rela.ctors)

.rel.dtors
 *(.rel.dtors)

.rela.dtors
 *(.rela.dtors)

.rel.got
 *(.rel.got)

.rela.got
 *(.rela.got)

.rel.bss
 *(.rel.bss)

.rela.bss
 *(.rela.bss)

.rel.plt
 *(.rel.plt)

.rela.plt
 *(.rela.plt)

.text           0x0000000000000000     0xf6e0
 *(.vectors)
 .vectors       0x0000000000000000      0x120 /usr/lib/gcc/avr/4.8.1/../../../avr/lib/avr51/crtm128rfa1.o
                0x0000000000000000                __vectors
                0x0000000000000000                __vector_default
 *(.vectors)
 *(.progmem.gcc*)
 .progmem.gcc_sw_table.SNPS_char2Hex
                0x0000000000000120       0x6e objs-128rfa1/sdds-SNPS.o
 .progmem.gcc_sw_table.uip_process
                0x000000000000018e       0x10 contiki-avr-atmega128rfa1.a(uip6.o)
                0x000000000000019e                . = ALIGN (0x2)
                0x000000000000019e                __trampolines_start = .
 *(.trampolines)
 .trampolines   0x000000000000019e        0x0 linker stubs
 *(.trampolines*)
                0x000000000000019e                __trampolines_end = .
 *(.progmem*)
 .progmem.data.__c.6058
                0x000000000000019e        0x2 objs-128rfa1/sdds-contiki-UDP.o
 .progmem.data.__c.6056
                0x00000000000001a0       0x18 objs-128rfa1/sdds-contiki-UDP.o
 .progmem.data.__c.5319
                0x00000000000001b8        0xf objs-128rfa1/sdds-contiki-Log.o
 .progmem.data.__c.5298
                0x00000000000001c7        0xf objs-128rfa1/sdds-contiki-Log.o
 .progmem.data.__c.5516
                0x00000000000001d6        0x3 contiki-avr-atmega128rfa1.a(contiki-main.o)
 .progmem.data.__c.5514
                0x00000000000001d9        0x2 contiki-avr-atmega128rfa1.a(contiki-main.o)
 .progmem.data.__c.5512
                0x00000000000001db        0x3 contiki-avr-atmega128rfa1.a(contiki-main.o)
 .progmem.data.__c.5566
                0x00000000000001de       0x1d contiki-avr-atmega128rfa1.a(contiki-main.o)
 .progmem.data.__c.5561
                0x00000000000001fb        0xc contiki-avr-atmega128rfa1.a(contiki-main.o)
 .progmem.data.__c.5559
                0x0000000000000207        0x9 contiki-avr-atmega128rfa1.a(contiki-main.o)
 .progmem.data.__c.5554
                0x0000000000000210        0x8 contiki-avr-atmega128rfa1.a(contiki-main.o)
 .progmem.data.__c.5552
                0x0000000000000218        0xa contiki-avr-atmega128rfa1.a(contiki-main.o)
 .progmem.data.__c.5550
                0x0000000000000222       0x12 contiki-avr-atmega128rfa1.a(contiki-main.o)
 .progmem.data.__c.5547
                0x0000000000000234       0x12 contiki-avr-atmega128rfa1.a(contiki-main.o)
 .progmem.data.__c.5545
                0x0000000000000246        0x9 contiki-avr-atmega128rfa1.a(contiki-main.o)
 .progmem.data.__c.5540
                0x000000000000024f        0x2 contiki-avr-atmega128rfa1.a(contiki-main.o)
 .progmem.data.__c.5538
                0x0000000000000251       0x15 contiki-avr-atmega128rfa1.a(contiki-main.o)
 .progmem.data.__c.5533
                0x0000000000000266        0x2 contiki-avr-atmega128rfa1.a(contiki-main.o)
 .progmem.data.__c.5531
                0x0000000000000268       0x15 contiki-avr-atmega128rfa1.a(contiki-main.o)
 .progmem.data.__c.5504
                0x000000000000027d        0x8 contiki-avr-atmega128rfa1.a(contiki-main.o)
 .progmem.data.__c.5502
                0x0000000000000285       0x11 contiki-avr-atmega128rfa1.a(contiki-main.o)
 .progmem.data.__c.5500
                0x0000000000000296        0xd contiki-avr-atmega128rfa1.a(contiki-main.o)
 .progmem.data.__c.5498
                0x00000000000002a3       0x32 contiki-avr-atmega128rfa1.a(contiki-main.o)
 .progmem.data.__c.5496
                0x00000000000002d5       0x25 contiki-avr-atmega128rfa1.a(contiki-main.o)
 .progmem.data.__c.5494
                0x00000000000002fa       0x20 contiki-avr-atmega128rfa1.a(contiki-main.o)
 .progmem.data.__c.5491
                0x000000000000031a       0x1b contiki-avr-atmega128rfa1.a(contiki-main.o)
 .progmem.data.__c.5321
                0x0000000000000335       0x2d contiki-avr-atmega128rfa1.a(params.o)
 .progmem.data.default_domain_name
                0x0000000000000362        0xa contiki-avr-atmega128rfa1.a(params.o)
                0x0000000000000362                default_domain_name
 .progmem.data.default_server_name
                0x000000000000036c        0xe contiki-avr-atmega128rfa1.a(params.o)
                0x000000000000036c                default_server_name
 .progmem.data.default_mac_address
                0x000000000000037a        0x8 contiki-avr-atmega128rfa1.a(params.o)
                0x000000000000037a                default_mac_address
 .progmem.data.__c.4401
                0x0000000000000382       0x6f contiki-avr-atmega128rfa1.a(print-stats.o)
 .progmem.data.__c.3352
                0x00000000000003f1        0x3 contiki-avr-atmega128rfa1.a(uip-debug.o)
 .progmem.data.__c.3350
                0x00000000000003f4        0x2 contiki-avr-atmega128rfa1.a(uip-debug.o)
 .progmem.data.__c.3348
                0x00000000000003f6        0x3 contiki-avr-atmega128rfa1.a(uip-debug.o)
 .progmem.data.__c.3346
                0x00000000000003f9        0xf contiki-avr-atmega128rfa1.a(uip-debug.o)
                0x0000000000000408                . = ALIGN (0x2)
 *(.jumptables)
 *(.jumptables*)
 *(.lowtext)
 *(.lowtext*)
                0x0000000000000408                __ctors_start = .
 *(.ctors)
                0x0000000000000408                __ctors_end = .
                0x0000000000000408                __dtors_start = .
 *(.dtors)
                0x0000000000000408                __dtors_end = .
 SORT(*)(.ctors)
 SORT(*)(.dtors)
 *(.init0)
 .init0         0x0000000000000408        0x0 /usr/lib/gcc/avr/4.8.1/../../../avr/lib/avr51/crtm128rfa1.o
                0x0000000000000408                __init
 *(.init0)
 *(.init1)
 *(.init1)
 *(.init2)
 .init2         0x0000000000000408        0xc /usr/lib/gcc/avr/4.8.1/../../../avr/lib/avr51/crtm128rfa1.o
 *(.init2)
 *(.init3)
 *(.init3)
 *(.init4)
 .init4         0x0000000000000414       0x1a /usr/lib/gcc/avr/4.8.1/avr51/libgcc.a(_copy_data.o)
                0x0000000000000414                __do_copy_data
 .init4         0x000000000000042e       0x10 /usr/lib/gcc/avr/4.8.1/avr51/libgcc.a(_clear_bss.o)
                0x000000000000042e                __do_clear_bss
 *(.init4)
 *(.init5)
 *(.init5)
 *(.init6)
 *(.init6)
 *(.init7)
 *(.init7)
 *(.init8)
 *(.init8)
 *(.init9)
 .init9         0x000000000000043e        0x8 /usr/lib/gcc/avr/4.8.1/../../../avr/lib/avr51/crtm128rfa1.o
 *(.init9)
 *(.text)
 .text          0x0000000000000446        0x4 /usr/lib/gcc/avr/4.8.1/../../../avr/lib/avr51/crtm128rfa1.o
                0x0000000000000446                __vector_38
                0x0000000000000446                __vector_22
                0x0000000000000446                __vector_28
                0x0000000000000446                __vector_67
                0x0000000000000446                __vector_1
                0x0000000000000446                __vector_71
                0x0000000000000446                __vector_34
                0x0000000000000446                __vector_24
                0x0000000000000446                __vector_12
                0x0000000000000446                __vector_55
                0x0000000000000446                __vector_69
                0x0000000000000446                __vector_46
                0x0000000000000446                __bad_interrupt
                0x0000000000000446                __vector_6
                0x0000000000000446                __vector_31
                0x0000000000000446                __vector_35
                0x0000000000000446                __vector_39
                0x0000000000000446                __vector_3
                0x0000000000000446                __vector_23
                0x0000000000000446                __vector_68
                0x0000000000000446                __vector_30
                0x0000000000000446                __vector_45
                0x0000000000000446                __vector_11
                0x0000000000000446                __vector_54
                0x0000000000000446                __vector_17
                0x0000000000000446                __vector_19
                0x0000000000000446                __vector_56
                0x0000000000000446                __vector_7
                0x0000000000000446                __vector_49
                0x0000000000000446                __vector_41
                0x0000000000000446                __vector_43
                0x0000000000000446                __vector_27
                0x0000000000000446                __vector_5
                0x0000000000000446                __vector_33
                0x0000000000000446                __vector_47
                0x0000000000000446                __vector_52
                0x0000000000000446                __vector_37
                0x0000000000000446                __vector_4
                0x0000000000000446                __vector_44
                0x0000000000000446                __vector_51
                0x0000000000000446                __vector_9
                0x0000000000000446                __vector_2
                0x0000000000000446                __vector_15
                0x0000000000000446                __vector_66
                0x0000000000000446                __vector_70
                0x0000000000000446                __vector_29
                0x0000000000000446                __vector_40
                0x0000000000000446                __vector_8
                0x0000000000000446                __vector_26
                0x0000000000000446                __vector_48
                0x0000000000000446                __vector_14
                0x0000000000000446                __vector_53
                0x0000000000000446                __vector_10
                0x0000000000000446                __vector_50
                0x0000000000000446                __vector_16
                0x0000000000000446                __vector_18
                0x0000000000000446                __vector_20
                0x0000000000000446                __vector_42
                0x0000000000000446                __vector_65
                0x000000000000044a                . = ALIGN (0x2)
 *(.text.*)
 .text.process_thread_messung1_contiki
                0x000000000000044a       0xa6 sdds.co
 .text.DataSource_getTopic
                0x00000000000004f0       0xd4 objs-128rfa1/sdds-DataSource.o
                0x00000000000004f0                DataSource_getTopic
 .text.DataSource_getDataWrites
                0x00000000000005c4      0x10e objs-128rfa1/sdds-DataSource.o
                0x00000000000005c4                DataSource_getDataWrites
 .text.DataSource_init
                0x00000000000006d2       0x3c objs-128rfa1/sdds-DataSource.o
                0x00000000000006d2                DataSource_init
 .text.DataSource_create_datawriter
                0x000000000000070e       0x80 objs-128rfa1/sdds-DataSource.o
                0x000000000000070e                DataSource_create_datawriter
 .text.findFreeFrame
                0x000000000000078e      0x100 objs-128rfa1/sdds-DataSource.o
                0x000000000000078e                findFreeFrame
 .text.checkSending
                0x000000000000088e       0x2e objs-128rfa1/sdds-DataSource.o
                0x000000000000088e                checkSending
 .text.DataSource_write
                0x00000000000008bc       0xc8 objs-128rfa1/sdds-DataSource.o
                0x00000000000008bc                DataSource_write
 .text.DataSource_writeAddress
                0x0000000000000984       0xc2 objs-128rfa1/sdds-DataSource.o
                0x0000000000000984                DataSource_writeAddress
 .text.TopicMarshalling_DCPSParticipant_cpy
                0x0000000000000a46       0x18 objs-128rfa1/sdds-BuiltinTopic.o
                0x0000000000000a46                TopicMarshalling_DCPSParticipant_cpy
 .text.TopicMarshalling_DCPSTopic_cpy
                0x0000000000000a5e       0x12 objs-128rfa1/sdds-BuiltinTopic.o
                0x0000000000000a5e                TopicMarshalling_DCPSTopic_cpy
 .text.TopicMarshalling_DCPSPublication_cpy
                0x0000000000000a70       0x12 objs-128rfa1/sdds-BuiltinTopic.o
                0x0000000000000a70                TopicMarshalling_DCPSPublication_cpy
 .text.TopicMarshalling_DCPSSubscription_cpy
                0x0000000000000a82       0x12 objs-128rfa1/sdds-BuiltinTopic.o
                0x0000000000000a82                TopicMarshalling_DCPSSubscription_cpy
 .text.TopicMarshalling_DCPSParticipant_encode
                0x0000000000000a94       0x20 objs-128rfa1/sdds-BuiltinTopic.o
                0x0000000000000a94                TopicMarshalling_DCPSParticipant_encode
 .text.TopicMarshalling_DCPSPublication_encode
                0x0000000000000ab4       0x64 objs-128rfa1/sdds-BuiltinTopic.o
                0x0000000000000ab4                TopicMarshalling_DCPSPublication_encode
 .text.TopicMarshalling_DCPSSubscription_encode
                0x0000000000000b18       0x64 objs-128rfa1/sdds-BuiltinTopic.o
                0x0000000000000b18                TopicMarshalling_DCPSSubscription_encode
 .text.TopicMarshalling_DCPSPublication_decode
                0x0000000000000b7c       0xac objs-128rfa1/sdds-BuiltinTopic.o
                0x0000000000000b7c                TopicMarshalling_DCPSPublication_decode
 .text.TopicMarshalling_DCPSParticipant_decode
                0x0000000000000c28       0xf0 objs-128rfa1/sdds-BuiltinTopic.o
                0x0000000000000c28                TopicMarshalling_DCPSParticipant_decode
 .text.TopicMarshalling_DCPSSubscription_decode
                0x0000000000000d18      0x124 objs-128rfa1/sdds-BuiltinTopic.o
                0x0000000000000d18                TopicMarshalling_DCPSSubscription_decode
 .text.TopicMarshalling_DCPSTopic_encode
                0x0000000000000e3c       0x82 objs-128rfa1/sdds-BuiltinTopic.o
                0x0000000000000e3c                TopicMarshalling_DCPSTopic_encode
 .text.TopicMarshalling_DCPSTopic_decode
                0x0000000000000ebe       0x98 objs-128rfa1/sdds-BuiltinTopic.o
                0x0000000000000ebe                TopicMarshalling_DCPSTopic_decode
 .text.DDS_DCPSParticipantDataReader_take_next_sample
                0x0000000000000f56       0x1c objs-128rfa1/sdds-BuiltinTopic.o
                0x0000000000000f56                DDS_DCPSParticipantDataReader_take_next_sample
 .text.DDS_DCPSParticipantDataWriter_write
                0x0000000000000f72       0x4a objs-128rfa1/sdds-BuiltinTopic.o
                0x0000000000000f72                DDS_DCPSParticipantDataWriter_write
 .text.sDDS_DCPSParticipantTopic_create
                0x0000000000000fbc       0x82 objs-128rfa1/sdds-BuiltinTopic.o
                0x0000000000000fbc                sDDS_DCPSParticipantTopic_create
 .text.sDDS_DCPSTopicTopic_create
                0x000000000000103e       0x84 objs-128rfa1/sdds-BuiltinTopic.o
                0x000000000000103e                sDDS_DCPSTopicTopic_create
 .text.DDS_DCPSPublicationDataWriter_write
                0x00000000000010c2       0x14 objs-128rfa1/sdds-BuiltinTopic.o
                0x00000000000010c2                DDS_DCPSPublicationDataWriter_write
 .text.sDDS_DCPSPublicationTopic_create
                0x00000000000010d6       0x84 objs-128rfa1/sdds-BuiltinTopic.o
                0x00000000000010d6                sDDS_DCPSPublicationTopic_create
 .text.DDS_DCPSSubscriptionDataReader_take_next_sample
                0x000000000000115a       0x1c objs-128rfa1/sdds-BuiltinTopic.o
                0x000000000000115a                DDS_DCPSSubscriptionDataReader_take_next_sample
 .text.sDDS_DCPSSubscriptionTopic_create
                0x0000000000001176       0x84 objs-128rfa1/sdds-BuiltinTopic.o
                0x0000000000001176                sDDS_DCPSSubscriptionTopic_create
 .text.BuiltinTopic_init
                0x00000000000011fa      0x2ae objs-128rfa1/sdds-BuiltinTopic.o
                0x00000000000011fa                BuiltinTopic_init
 .text.BuildinTopic_isBuiltinTopic
                0x00000000000014a8       0x12 objs-128rfa1/sdds-BuiltinTopic.o
                0x00000000000014a8                BuildinTopic_isBuiltinTopic
 .text.DataSink_getTopic
                0x00000000000014ba       0xd2 objs-128rfa1/sdds-DataSink.o
                0x00000000000014ba                DataSink_getTopic
 .text.DataSink_getAddr
                0x000000000000158c       0x28 objs-128rfa1/sdds-DataSink.o
                0x000000000000158c                DataSink_getAddr
 .text.DataSink_init
                0x00000000000015b4       0x14 objs-128rfa1/sdds-DataSink.o
                0x00000000000015b4                DataSink_init
 .text.DataSink_create_datareader
                0x00000000000015c8       0x5e objs-128rfa1/sdds-DataSink.o
                0x00000000000015c8                DataSink_create_datareader
 .text.DataSink_take_next_sample
                0x0000000000001626       0xa6 objs-128rfa1/sdds-DataSink.o
                0x0000000000001626                DataSink_take_next_sample
 .text.submitData
                0x00000000000016cc       0x18 objs-128rfa1/sdds-DataSink.o
                0x00000000000016cc                submitData
 .text.parseData
                0x00000000000016e4       0x6c objs-128rfa1/sdds-DataSink.o
                0x00000000000016e4                parseData
 .text.checkDomain
                0x0000000000001750       0x3a objs-128rfa1/sdds-DataSink.o
                0x0000000000001750                checkDomain
 .text.checkTopic
                0x000000000000178a       0x26 objs-128rfa1/sdds-DataSink.o
                0x000000000000178a                checkTopic
 .text.DataSink_processFrame
                0x00000000000017b0      0x16c objs-128rfa1/sdds-DataSink.o
                0x00000000000017b0                DataSink_processFrame
 .text.decode   0x000000000000191c       0x1e objs-128rfa1/sdds-Marshalling.o
                0x000000000000191c                decode
 .text.Marshalling_dec_SubMsg
                0x000000000000193a       0x50 objs-128rfa1/sdds-Marshalling.o
                0x000000000000193a                Marshalling_dec_SubMsg
 .text.Marshalling_dec_uint8
                0x000000000000198a        0xc objs-128rfa1/sdds-Marshalling.o
                0x000000000000198a                Marshalling_dec_uint8
 .text.Marshalling_dec_string
                0x0000000000001996       0x5e objs-128rfa1/sdds-Marshalling.o
                0x0000000000001996                Marshalling_dec_string
 .text.Marshalling_dec_uint16
                0x00000000000019f4        0xc objs-128rfa1/sdds-Marshalling.o
                0x00000000000019f4                Marshalling_dec_uint16
 .text.encode   0x0000000000001a00       0x1e objs-128rfa1/sdds-Marshalling.o
                0x0000000000001a00                encode
 .text.Marshalling_enc_SubMsg
                0x0000000000001a1e       0x2e objs-128rfa1/sdds-Marshalling.o
                0x0000000000001a1e                Marshalling_enc_SubMsg
 .text.Marshalling_enc_int8
                0x0000000000001a4c        0xc objs-128rfa1/sdds-Marshalling.o
                0x0000000000001a4c                Marshalling_enc_int8
 .text.Marshalling_enc_uint8
                0x0000000000001a58        0xc objs-128rfa1/sdds-Marshalling.o
                0x0000000000001a58                Marshalling_enc_uint8
 .text.Marshalling_enc_string
                0x0000000000001a64       0x4c objs-128rfa1/sdds-Marshalling.o
                0x0000000000001a64                Marshalling_enc_string
 .text.Marshalling_enc_uint16
                0x0000000000001ab0        0xc objs-128rfa1/sdds-Marshalling.o
                0x0000000000001ab0                Marshalling_enc_uint16
 .text.NetBuffRef_renew
                0x0000000000001abc       0x18 objs-128rfa1/sdds-NetBuffRef.o
                0x0000000000001abc                NetBuffRef_renew
 .text.NetBuffRef_init
                0x0000000000001ad4       0x46 objs-128rfa1/sdds-NetBuffRef.o
                0x0000000000001ad4                NetBuffRef_init
 .text.TopicDB_createTopic
                0x0000000000001b1a       0x44 objs-128rfa1/sdds-TopicDB.o
                0x0000000000001b1a                TopicDB_createTopic
 .text.TopicDB_checkDomain
                0x0000000000001b5e       0x32 objs-128rfa1/sdds-TopicDB.o
                0x0000000000001b5e                TopicDB_checkDomain
 .text.TopicDB_getTopic
                0x0000000000001b90       0x42 objs-128rfa1/sdds-TopicDB.o
                0x0000000000001b90                TopicDB_getTopic
 .text.Discovery_sendPublicationTopics
                0x0000000000001bd2       0xc2 objs-128rfa1/sdds-Discovery.o
 .text.Discovery_sendParticipantTopics
                0x0000000000001c94       0x56 objs-128rfa1/sdds-Discovery.o
 .text.Discovery_receive
                0x0000000000001cea      0x1c4 objs-128rfa1/sdds-Discovery.o
                0x0000000000001cea                Discovery_receive
 .text.Discovery_init
                0x0000000000001eae       0xfe objs-128rfa1/sdds-Discovery.o
                0x0000000000001eae                Discovery_init
 .text.Msg_init
                0x0000000000001fac       0x10 objs-128rfa1/sdds-Msg.o
                0x0000000000001fac                Msg_init
 .text.MsgPool_getFreeMsg
                0x0000000000001fbc       0x4a objs-128rfa1/sdds-Msg.o
                0x0000000000001fbc                MsgPool_getFreeMsg
 .text.MsgPool_getNextMsg
                0x0000000000002006       0x38 objs-128rfa1/sdds-Msg.o
                0x0000000000002006                MsgPool_getNextMsg
 .text.Msg_getData
                0x000000000000203e       0x10 objs-128rfa1/sdds-Msg.o
                0x000000000000203e                Msg_getData
 .text.Locator_upRef
                0x000000000000204e       0x12 objs-128rfa1/sdds-Locator.o
                0x000000000000204e                Locator_upRef
 .text.Locator_downRef
                0x0000000000002060       0x1e objs-128rfa1/sdds-Locator.o
                0x0000000000002060                Locator_downRef
 .text.Locator_init
                0x000000000000207e       0x1e objs-128rfa1/sdds-Locator.o
                0x000000000000207e                Locator_init
 .text.Locator_addToList
                0x000000000000209c       0x5c objs-128rfa1/sdds-Locator.o
                0x000000000000209c                Locator_addToList
 .text.Locator_contains
                0x00000000000020f8       0x40 objs-128rfa1/sdds-Locator.o
                0x00000000000020f8                Locator_contains
 .text.SNPS_evalSubMsg
                0x0000000000002138       0x7c objs-128rfa1/sdds-SNPS.o
                0x0000000000002138                SNPS_evalSubMsg
 .text.SNPS_discardSubMsg
                0x00000000000021b4       0x7c objs-128rfa1/sdds-SNPS.o
                0x00000000000021b4                SNPS_discardSubMsg
 .text.SNPS_gotoNextSubMsg
                0x0000000000002230       0x4c objs-128rfa1/sdds-SNPS.o
                0x0000000000002230                SNPS_gotoNextSubMsg
 .text.SNPS_initFrame
                0x000000000000227c       0x50 objs-128rfa1/sdds-SNPS.o
                0x000000000000227c                SNPS_initFrame
 .text.SNPS_readHeader
                0x00000000000022cc       0x56 objs-128rfa1/sdds-SNPS.o
                0x00000000000022cc                SNPS_readHeader
 .text.SNPS_updateHeader
                0x0000000000002322       0x12 objs-128rfa1/sdds-SNPS.o
                0x0000000000002322                SNPS_updateHeader
 .text.SNPS_writeDomain
                0x0000000000002334       0x2c objs-128rfa1/sdds-SNPS.o
                0x0000000000002334                SNPS_writeDomain
 .text.SNPS_readDomain
                0x0000000000002360       0x2c objs-128rfa1/sdds-SNPS.o
                0x0000000000002360                SNPS_readDomain
 .text._writeBasicTopic
                0x000000000000238c       0x2c objs-128rfa1/sdds-SNPS.o
                0x000000000000238c                _writeBasicTopic
 .text._writeExtTopic
                0x00000000000023b8       0x5c objs-128rfa1/sdds-SNPS.o
                0x00000000000023b8                _writeExtTopic
 .text.SNPS_writeTopic
                0x0000000000002414        0xc objs-128rfa1/sdds-SNPS.o
                0x0000000000002414                SNPS_writeTopic
 .text.SNPS_readTopic
                0x0000000000002420       0xb2 objs-128rfa1/sdds-SNPS.o
                0x0000000000002420                SNPS_readTopic
 .text.SNPS_writeData
                0x00000000000024d2       0x80 objs-128rfa1/sdds-SNPS.o
                0x00000000000024d2                SNPS_writeData
 .text.SNPS_readData
                0x0000000000002552       0x84 objs-128rfa1/sdds-SNPS.o
                0x0000000000002552                SNPS_readData
 .text.SNPS_char2Hex
                0x00000000000025d6       0x6e objs-128rfa1/sdds-SNPS.o
                0x00000000000025d6                SNPS_char2Hex
 .text.SNPS_IPv6_str2Addr
                0x0000000000002644      0x176 objs-128rfa1/sdds-SNPS.o
                0x0000000000002644                SNPS_IPv6_str2Addr
 .text.SNPS_IPv6_addr2Str
                0x00000000000027ba       0x4a objs-128rfa1/sdds-SNPS.o
                0x00000000000027ba                SNPS_IPv6_addr2Str
 .text.SNPS_writeAddress
                0x0000000000002804       0x9c objs-128rfa1/sdds-SNPS.o
                0x0000000000002804                SNPS_writeAddress
 .text.SNPS_readAddress
                0x00000000000028a0       0xec objs-128rfa1/sdds-SNPS.o
                0x00000000000028a0                SNPS_readAddress
 .text.LocatorDB_init
                0x000000000000298c       0x3a objs-128rfa1/sdds-LocatorDB.o
                0x000000000000298c                LocatorDB_init
 .text.LocatorDB_newLocator
                0x00000000000029c6       0x5e objs-128rfa1/sdds-LocatorDB.o
                0x00000000000029c6                LocatorDB_newLocator
 .text.LocatorDB_newMultiLocator
                0x0000000000002a24       0x5c objs-128rfa1/sdds-LocatorDB.o
                0x0000000000002a24                LocatorDB_newMultiLocator
 .text.LocatorDB_freeLocator
                0x0000000000002a80       0x26 objs-128rfa1/sdds-LocatorDB.o
                0x0000000000002a80                LocatorDB_freeLocator
 .text.LocatorDB_findLocator
                0x0000000000002aa6       0x60 objs-128rfa1/sdds-LocatorDB.o
                0x0000000000002aa6                LocatorDB_findLocator
 .text.Topic_getFreeMsg
                0x0000000000002b06        0x6 objs-128rfa1/sdds-Topic.o
                0x0000000000002b06                Topic_getFreeMsg
 .text.Topic_getNextMsg
                0x0000000000002b0c        0x6 objs-128rfa1/sdds-Topic.o
                0x0000000000002b0c                Topic_getNextMsg
 .text.Topic_addRemoteDataSink
                0x0000000000002b12       0x54 objs-128rfa1/sdds-Topic.o
                0x0000000000002b12                Topic_addRemoteDataSink
 .text.NodeConfig_getNodeID
                0x0000000000002b66       0x9c objs-128rfa1/sdds-contiki-NodeConfig.o
                0x0000000000002b66                NodeConfig_getNodeID
 .text.receive  0x0000000000002c02      0x144 objs-128rfa1/sdds-contiki-UDP.o
                0x0000000000002c02                receive
 .text.Network_send
                0x0000000000002d46      0x116 objs-128rfa1/sdds-contiki-UDP.o
                0x0000000000002d46                Network_send
 .text.Locator_isEqual
                0x0000000000002e5c       0x3e objs-128rfa1/sdds-contiki-UDP.o
                0x0000000000002e5c                Locator_isEqual
 .text.Network_getFrameBuff
                0x0000000000002e9a       0x56 objs-128rfa1/sdds-contiki-UDP.o
                0x0000000000002e9a                Network_getFrameBuff
 .text.Network_getPayloadBegin
                0x0000000000002ef0        0xe objs-128rfa1/sdds-contiki-UDP.o
                0x0000000000002ef0                Network_getPayloadBegin
 .text.Network_setAddressToLocator
                0x0000000000002efe       0x2e objs-128rfa1/sdds-contiki-UDP.o
                0x0000000000002efe                Network_setAddressToLocator
 .text.Network_createLocator
                0x0000000000002f2c       0x56 objs-128rfa1/sdds-contiki-UDP.o
                0x0000000000002f2c                Network_createLocator
 .text.Network_setMulticastAddressToLocator
                0x0000000000002f82       0x2e objs-128rfa1/sdds-contiki-UDP.o
                0x0000000000002f82                Network_setMulticastAddressToLocator
 .text.Network_Multicast_joinMulticastGroup
                0x0000000000002fb0       0x70 objs-128rfa1/sdds-contiki-UDP.o
                0x0000000000002fb0                Network_Multicast_joinMulticastGroup
 .text.Network_Multicast_init
                0x0000000000003020       0x7a objs-128rfa1/sdds-contiki-UDP.o
                0x0000000000003020                Network_Multicast_init
 .text.Network_init
                0x000000000000309a       0x54 objs-128rfa1/sdds-contiki-UDP.o
                0x000000000000309a                Network_init
 .text.Locator_getAddress
                0x00000000000030ee       0x86 objs-128rfa1/sdds-contiki-UDP.o
                0x00000000000030ee                Locator_getAddress
 .text.Log_setLvl
                0x0000000000003174        0xa objs-128rfa1/sdds-contiki-Log.o
                0x0000000000003174                Log_setLvl
 .text._log_debug
                0x000000000000317e       0x56 objs-128rfa1/sdds-contiki-Log.o
                0x000000000000317e                _log_debug
 .text._log_error
                0x00000000000031d4       0x54 objs-128rfa1/sdds-contiki-Log.o
                0x00000000000031d4                _log_error
 .text.Memory_init
                0x0000000000003228        0x4 objs-128rfa1/sdds-contiki-Memory.o
                0x0000000000003228                Memory_init
 .text.Memory_alloc
                0x000000000000322c        0x4 objs-128rfa1/sdds-contiki-Memory.o
                0x000000000000322c                Memory_alloc
 .text.process_thread_task_process
                0x0000000000003230       0xe0 objs-128rfa1/sdds-contiki-Task.o
 .text.TaskMng_init
                0x0000000000003310       0x10 objs-128rfa1/sdds-contiki-Task.o
                0x0000000000003310                TaskMng_init
 .text.Task_create
                0x0000000000003320       0x4e objs-128rfa1/sdds-contiki-Task.o
                0x0000000000003320                Task_create
 .text.Task_init
                0x000000000000336e        0xe objs-128rfa1/sdds-contiki-Task.o
                0x000000000000336e                Task_init
 .text.Task_start
                0x000000000000337c       0x1e objs-128rfa1/sdds-contiki-Task.o
                0x000000000000337c                Task_start
 .text.sDDS_init
                0x000000000000339a      0x112 objs-128rfa1/atmega_sdds_impl.o
                0x000000000000339a                sDDS_init
 .text.TopicMarshalling_Alpha_cpy
                0x00000000000034ac        0xc objs-128rfa1/alpha-ds.o
                0x00000000000034ac                TopicMarshalling_Alpha_cpy
 .text.TopicMarshalling_Alpha_encode
                0x00000000000034b8       0x20 objs-128rfa1/alpha-ds.o
                0x00000000000034b8                TopicMarshalling_Alpha_encode
 .text.DDS_AlphaDataWriter_write
                0x00000000000034d8       0x14 objs-128rfa1/alpha-ds.o
                0x00000000000034d8                DDS_AlphaDataWriter_write
 .text.sDDS_AlphaTopic_create
                0x00000000000034ec       0x78 objs-128rfa1/alpha-ds.o
                0x00000000000034ec                sDDS_AlphaTopic_create
 .text.TopicMarshalling_Beta_cpy
                0x0000000000003564        0xc objs-128rfa1/beta-ds.o
                0x0000000000003564                TopicMarshalling_Beta_cpy
 .text.TopicMarshalling_Beta_encode
                0x0000000000003570       0x20 objs-128rfa1/beta-ds.o
                0x0000000000003570                TopicMarshalling_Beta_encode
 .text.DDS_BetaDataWriter_write
                0x0000000000003590       0x14 objs-128rfa1/beta-ds.o
                0x0000000000003590                DDS_BetaDataWriter_write
 .text.sDDS_BetaTopic_create
                0x00000000000035a4       0x78 objs-128rfa1/beta-ds.o
                0x00000000000035a4                sDDS_BetaTopic_create
 .text.ipaddr_add
                0x000000000000361c       0xc6 contiki-avr-atmega128rfa1.a(contiki-main.o)
 .text.rng_get_uint8
                0x00000000000036e2       0x28 contiki-avr-atmega128rfa1.a(contiki-main.o)
                0x00000000000036e2                rng_get_uint8
 .text.initialize
                0x000000000000370a      0x226 contiki-avr-atmega128rfa1.a(contiki-main.o)
                0x000000000000370a                initialize
 .text.startup.main
                0x0000000000003930      0x274 contiki-avr-atmega128rfa1.a(contiki-main.o)
                0x0000000000003930                main
 .text.params_get_channel
                0x0000000000003ba4      0x10c contiki-avr-atmega128rfa1.a(params.o)
                0x0000000000003ba4                params_get_channel
 .text.params_get_eui64
                0x0000000000003cb0       0x5c contiki-avr-atmega128rfa1.a(params.o)
                0x0000000000003cb0                params_get_eui64
 .text.params_get_panid
                0x0000000000003d0c        0x8 contiki-avr-atmega128rfa1.a(params.o)
                0x0000000000003d0c                params_get_panid
 .text.params_get_panaddr
                0x0000000000003d14        0x8 contiki-avr-atmega128rfa1.a(params.o)
                0x0000000000003d14                params_get_panaddr
 .text.params_get_txpower
                0x0000000000003d1c        0x8 contiki-avr-atmega128rfa1.a(params.o)
                0x0000000000003d1c                params_get_txpower
 .text.clock_init
                0x0000000000003d24       0x20 contiki-avr-atmega128rfa1.a(clock.o)
                0x0000000000003d24                clock_init
 .text.clock_time
                0x0000000000003d44       0x18 contiki-avr-atmega128rfa1.a(clock.o)
                0x0000000000003d44                clock_time
 .text.clock_seconds
                0x0000000000003d5c       0x34 contiki-avr-atmega128rfa1.a(clock.o)
                0x0000000000003d5c                clock_seconds
 .text.__vector_21
                0x0000000000003d90       0xe0 contiki-avr-atmega128rfa1.a(clock.o)
                0x0000000000003d90                __vector_21
 .text.__vector_25
                0x0000000000003e70       0x5e contiki-avr-atmega128rfa1.a(rs232.o)
                0x0000000000003e70                __vector_25
 .text.__vector_36
                0x0000000000003ece       0x5e contiki-avr-atmega128rfa1.a(rs232.o)
                0x0000000000003ece                __vector_36
 .text.rs232_init
                0x0000000000003f2c       0x40 contiki-avr-atmega128rfa1.a(rs232.o)
                0x0000000000003f2c                rs232_init
 .text.rs232_send
                0x0000000000003f6c       0x24 contiki-avr-atmega128rfa1.a(rs232.o)
                0x0000000000003f6c                rs232_send
 .text.rs232_stdout_putchar
                0x0000000000003f90       0x2a contiki-avr-atmega128rfa1.a(rs232.o)
                0x0000000000003f90                rs232_stdout_putchar
 .text.rs232_redirect_stdout
                0x0000000000003fba       0x12 contiki-avr-atmega128rfa1.a(rs232.o)
                0x0000000000003fba                rs232_redirect_stdout
 .text.watchdog_init
                0x0000000000003fcc       0x18 contiki-avr-atmega128rfa1.a(watchdog.o)
                0x0000000000003fcc                watchdog_init
 .text.watchdog_start
                0x0000000000003fe4       0x18 contiki-avr-atmega128rfa1.a(watchdog.o)
                0x0000000000003fe4                watchdog_start
 .text.watchdog_periodic
                0x0000000000003ffc        0x4 contiki-avr-atmega128rfa1.a(watchdog.o)
                0x0000000000003ffc                watchdog_periodic
 .text.random_init
                0x0000000000004000        0x4 contiki-avr-atmega128rfa1.a(random.o)
                0x0000000000004000                random_init
 .text.random_rand
                0x0000000000004004        0x4 contiki-avr-atmega128rfa1.a(random.o)
                0x0000000000004004                random_rand
 .text.get_value
                0x0000000000004008        0x6 contiki-avr-atmega128rfa1.a(rf230bb.o)
 .text.set_value
                0x000000000000400e        0x6 contiki-avr-atmega128rfa1.a(rf230bb.o)
 .text.get_object
                0x0000000000004014        0x6 contiki-avr-atmega128rfa1.a(rf230bb.o)
 .text.set_object
                0x000000000000401a        0x6 contiki-avr-atmega128rfa1.a(rf230bb.o)
 .text.rf230_pending_packet
                0x0000000000004020        0x8 contiki-avr-atmega128rfa1.a(rf230bb.o)
 .text.radio_reset_state_machine
                0x0000000000004028       0x32 contiki-avr-atmega128rfa1.a(rf230bb.o)
 .text.set_txpower
                0x000000000000405a       0x1e contiki-avr-atmega128rfa1.a(rf230bb.o)
 .text.rf230_isidle
                0x0000000000004078       0x2c contiki-avr-atmega128rfa1.a(rf230bb.o)
 .text.rf230_waitidle
                0x00000000000040a4       0x12 contiki-avr-atmega128rfa1.a(rf230bb.o)
 .text.rf230_receiving_packet
                0x00000000000040b6       0x2a contiki-avr-atmega128rfa1.a(rf230bb.o)
 .text.radio_off
                0x00000000000040e0      0x126 contiki-avr-atmega128rfa1.a(rf230bb.o)
 .text.rf230_off
                0x0000000000004206       0x16 contiki-avr-atmega128rfa1.a(rf230bb.o)
 .text.rf230_prepare
                0x000000000000421c       0x32 contiki-avr-atmega128rfa1.a(rf230bb.o)
 .text.radio_get_trx_state
                0x000000000000424e        0xc contiki-avr-atmega128rfa1.a(rf230bb.o)
                0x000000000000424e                radio_get_trx_state
 .text.radio_set_trx_state
                0x000000000000425a       0xbc contiki-avr-atmega128rfa1.a(rf230bb.o)
 .text.radio_on
                0x0000000000004316       0x6c contiki-avr-atmega128rfa1.a(rf230bb.o)
 .text.rf230_on
                0x0000000000004382       0x12 contiki-avr-atmega128rfa1.a(rf230bb.o)
 .text.rf230_cca
                0x0000000000004394      0x128 contiki-avr-atmega128rfa1.a(rf230bb.o)
 .text.rf230_warm_reset
                0x00000000000044bc       0x3e contiki-avr-atmega128rfa1.a(rf230bb.o)
                0x00000000000044bc                rf230_warm_reset
 .text.rf230_init
                0x00000000000044fa       0x76 contiki-avr-atmega128rfa1.a(rf230bb.o)
                0x00000000000044fa                rf230_init
 .text.rf230_get_channel
                0x0000000000004570        0x6 contiki-avr-atmega128rfa1.a(rf230bb.o)
                0x0000000000004570                rf230_get_channel
 .text.rf230_set_channel
                0x0000000000004576       0x2a contiki-avr-atmega128rfa1.a(rf230bb.o)
                0x0000000000004576                rf230_set_channel
 .text.rf230_set_pan_addr
                0x00000000000045a0       0x48 contiki-avr-atmega128rfa1.a(rf230bb.o)
                0x00000000000045a0                rf230_set_pan_addr
 .text.rf230_interrupt
                0x00000000000045e8       0x26 contiki-avr-atmega128rfa1.a(rf230bb.o)
                0x00000000000045e8                rf230_interrupt
 .text.rf230_read
                0x000000000000460e       0xce contiki-avr-atmega128rfa1.a(rf230bb.o)
 .text.process_thread_rf230_process
                0x00000000000046dc       0x8a contiki-avr-atmega128rfa1.a(rf230bb.o)
 .text.rf230_set_txpower
                0x0000000000004766        0x4 contiki-avr-atmega128rfa1.a(rf230bb.o)
                0x0000000000004766                rf230_set_txpower
 .text.rf230_get_txpower
                0x000000000000476a       0x18 contiki-avr-atmega128rfa1.a(rf230bb.o)
                0x000000000000476a                rf230_get_txpower
 .text.rf230_transmit
                0x0000000000004782      0x25c contiki-avr-atmega128rfa1.a(rf230bb.o)
 .text.rf230_send
                0x00000000000049de       0x32 contiki-avr-atmega128rfa1.a(rf230bb.o)
 .text.hal_init
                0x0000000000004a10        0x2 contiki-avr-atmega128rfa1.a(halbb.o)
                0x0000000000004a10                hal_init
 .text.hal_subregister_read
                0x0000000000004a12       0x14 contiki-avr-atmega128rfa1.a(halbb.o)
                0x0000000000004a12                hal_subregister_read
 .text.hal_subregister_write
                0x0000000000004a26       0x36 contiki-avr-atmega128rfa1.a(halbb.o)
                0x0000000000004a26                hal_subregister_write
 .text.hal_frame_read
                0x0000000000004a5c       0x54 contiki-avr-atmega128rfa1.a(halbb.o)
                0x0000000000004a5c                hal_frame_read
 .text.hal_frame_write
                0x0000000000004ab0       0x22 contiki-avr-atmega128rfa1.a(halbb.o)
                0x0000000000004ab0                hal_frame_write
 .text.__vector_60
                0x0000000000004ad2       0x80 contiki-avr-atmega128rfa1.a(halbb.o)
                0x0000000000004ad2                __vector_60
 .text.__vector_59
                0x0000000000004b52       0x14 contiki-avr-atmega128rfa1.a(halbb.o)
                0x0000000000004b52                __vector_59
 .text.__vector_57
                0x0000000000004b66       0x14 contiki-avr-atmega128rfa1.a(halbb.o)
                0x0000000000004b66                __vector_57
 .text.__vector_58
                0x0000000000004b7a       0x14 contiki-avr-atmega128rfa1.a(halbb.o)
                0x0000000000004b7a                __vector_58
 .text.__vector_64
                0x0000000000004b8e       0x18 contiki-avr-atmega128rfa1.a(halbb.o)
                0x0000000000004b8e                __vector_64
 .text.__vector_63
                0x0000000000004ba6       0x18 contiki-avr-atmega128rfa1.a(halbb.o)
                0x0000000000004ba6                __vector_63
 .text.__vector_62
                0x0000000000004bbe       0x14 contiki-avr-atmega128rfa1.a(halbb.o)
                0x0000000000004bbe                __vector_62
 .text.__vector_61
                0x0000000000004bd2       0x18 contiki-avr-atmega128rfa1.a(halbb.o)
                0x0000000000004bd2                __vector_61
 .text.autostart_start
                0x0000000000004bea       0x1e contiki-avr-atmega128rfa1.a(autostart.o)
                0x0000000000004bea                autostart_start
 .text.process_thread_ctimer_process
                0x0000000000004c08       0xc8 contiki-avr-atmega128rfa1.a(ctimer.o)
 .text.ctimer_init
                0x0000000000004cd0       0x18 contiki-avr-atmega128rfa1.a(ctimer.o)
                0x0000000000004cd0                ctimer_init
 .text.ctimer_set
                0x0000000000004ce8       0x5a contiki-avr-atmega128rfa1.a(ctimer.o)
                0x0000000000004ce8                ctimer_set
 .text.ctimer_reset
                0x0000000000004d42       0x48 contiki-avr-atmega128rfa1.a(ctimer.o)
                0x0000000000004d42                ctimer_reset
 .text.ctimer_stop
                0x0000000000004d8a       0x2e contiki-avr-atmega128rfa1.a(ctimer.o)
                0x0000000000004d8a                ctimer_stop
 .text.update_time
                0x0000000000004db8       0x64 contiki-avr-atmega128rfa1.a(etimer.o)
 .text.etimer_request_poll
                0x0000000000004e1c        0x8 contiki-avr-atmega128rfa1.a(etimer.o)
                0x0000000000004e1c                etimer_request_poll
 .text.process_thread_etimer_process
                0x0000000000004e24      0x106 contiki-avr-atmega128rfa1.a(etimer.o)
 .text.add_timer
                0x0000000000004f2a       0x5e contiki-avr-atmega128rfa1.a(etimer.o)
 .text.etimer_set
                0x0000000000004f88       0x14 contiki-avr-atmega128rfa1.a(etimer.o)
                0x0000000000004f88                etimer_set
 .text.etimer_reset
                0x0000000000004f9c       0x14 contiki-avr-atmega128rfa1.a(etimer.o)
                0x0000000000004f9c                etimer_reset
 .text.etimer_restart
                0x0000000000004fb0       0x14 contiki-avr-atmega128rfa1.a(etimer.o)
                0x0000000000004fb0                etimer_restart
 .text.etimer_expired
                0x0000000000004fc4       0x16 contiki-avr-atmega128rfa1.a(etimer.o)
                0x0000000000004fc4                etimer_expired
 .text.etimer_expiration_time
                0x0000000000004fda       0x10 contiki-avr-atmega128rfa1.a(etimer.o)
                0x0000000000004fda                etimer_expiration_time
 .text.etimer_pending
                0x0000000000004fea       0x16 contiki-avr-atmega128rfa1.a(etimer.o)
                0x0000000000004fea                etimer_pending
 .text.etimer_next_expiration_time
                0x0000000000005000       0x1c contiki-avr-atmega128rfa1.a(etimer.o)
                0x0000000000005000                etimer_next_expiration_time
 .text.etimer_stop
                0x000000000000501c       0x4e contiki-avr-atmega128rfa1.a(etimer.o)
                0x000000000000501c                etimer_stop
 .text.call_process.part.0
                0x000000000000506a       0x4e contiki-avr-atmega128rfa1.a(process.o)
 .text.call_process
                0x00000000000050b8        0xc contiki-avr-atmega128rfa1.a(process.o)
 .text.exit_process
                0x00000000000050c4       0xd8 contiki-avr-atmega128rfa1.a(process.o)
 .text.do_poll  0x000000000000519c       0x3e contiki-avr-atmega128rfa1.a(process.o)
 .text.process_alloc_event
                0x00000000000051da        0xe contiki-avr-atmega128rfa1.a(process.o)
                0x00000000000051da                process_alloc_event
 .text.process_init
                0x00000000000051e8       0x20 contiki-avr-atmega128rfa1.a(process.o)
                0x00000000000051e8                process_init
 .text.process_run
                0x0000000000005208       0xc6 contiki-avr-atmega128rfa1.a(process.o)
                0x0000000000005208                process_run
 .text.process_post
                0x00000000000052ce       0x3c contiki-avr-atmega128rfa1.a(process.o)
                0x00000000000052ce                process_post
 .text.process_post_synch
                0x000000000000530a       0x1e contiki-avr-atmega128rfa1.a(process.o)
                0x000000000000530a                process_post_synch
 .text.process_start
                0x0000000000005328       0x42 contiki-avr-atmega128rfa1.a(process.o)
                0x0000000000005328                process_start
 .text.process_poll
                0x000000000000536a       0x18 contiki-avr-atmega128rfa1.a(process.o)
                0x000000000000536a                process_poll
 .text.rtimer_init
                0x0000000000005382        0x4 contiki-avr-atmega128rfa1.a(rtimer.o)
                0x0000000000005382                rtimer_init
 .text.rtimer_run_next
                0x0000000000005386       0x3e contiki-avr-atmega128rfa1.a(rtimer.o)
                0x0000000000005386                rtimer_run_next
 .text.timer_set
                0x00000000000053c4       0x18 contiki-avr-atmega128rfa1.a(timer.o)
                0x00000000000053c4                timer_set
 .text.timer_reset
                0x00000000000053dc       0x14 contiki-avr-atmega128rfa1.a(timer.o)
                0x00000000000053dc                timer_reset
 .text.timer_restart
                0x00000000000053f0       0x14 contiki-avr-atmega128rfa1.a(timer.o)
                0x00000000000053f0                timer_restart
 .text.timer_expired
                0x0000000000005404       0x30 contiki-avr-atmega128rfa1.a(timer.o)
                0x0000000000005404                timer_expired
 .text.list_init
                0x0000000000005434        0x8 contiki-avr-atmega128rfa1.a(list.o)
                0x0000000000005434                list_init
 .text.list_head
                0x000000000000543c        0x8 contiki-avr-atmega128rfa1.a(list.o)
                0x000000000000543c                list_head
 .text.list_tail
                0x0000000000005444       0x20 contiki-avr-atmega128rfa1.a(list.o)
                0x0000000000005444                list_tail
 .text.list_remove
                0x0000000000005464       0x36 contiki-avr-atmega128rfa1.a(list.o)
                0x0000000000005464                list_remove
 .text.list_add
                0x000000000000549a       0x32 contiki-avr-atmega128rfa1.a(list.o)
                0x000000000000549a                list_add
 .text.list_push
                0x00000000000054cc       0x28 contiki-avr-atmega128rfa1.a(list.o)
                0x00000000000054cc                list_push
 .text.list_length
                0x00000000000054f4       0x1a contiki-avr-atmega128rfa1.a(list.o)
                0x00000000000054f4                list_length
 .text.list_item_next
                0x000000000000550e       0x12 contiki-avr-atmega128rfa1.a(list.o)
                0x000000000000550e                list_item_next
 .text.print_stats
                0x0000000000005520      0x1c0 contiki-avr-atmega128rfa1.a(print-stats.o)
                0x0000000000005520                print_stats
 .text.uip_ds6_list_loop
                0x00000000000056e0       0x96 contiki-avr-atmega128rfa1.a(uip-ds6.o)
                0x00000000000056e0                uip_ds6_list_loop
 .text.uip_ds6_prefix_add
                0x0000000000005776       0xb6 contiki-avr-atmega128rfa1.a(uip-ds6.o)
                0x0000000000005776                uip_ds6_prefix_add
 .text.uip_ds6_is_addr_onlink
                0x000000000000582c       0x60 contiki-avr-atmega128rfa1.a(uip-ds6.o)
                0x000000000000582c                uip_ds6_is_addr_onlink
 .text.uip_ds6_addr_lookup
                0x000000000000588c       0x3a contiki-avr-atmega128rfa1.a(uip-ds6.o)
                0x000000000000588c                uip_ds6_addr_lookup
 .text.uip_ds6_get_link_local
                0x00000000000058c6       0x5a contiki-avr-atmega128rfa1.a(uip-ds6.o)
                0x00000000000058c6                uip_ds6_get_link_local
 .text.uip_ds6_maddr_add
                0x0000000000005920       0x64 contiki-avr-atmega128rfa1.a(uip-ds6.o)
                0x0000000000005920                uip_ds6_maddr_add
 .text.uip_ds6_addr_add
                0x0000000000005984      0x104 contiki-avr-atmega128rfa1.a(uip-ds6.o)
                0x0000000000005984                uip_ds6_addr_add
 .text.uip_ds6_maddr_rm
                0x0000000000005a88        0xa contiki-avr-atmega128rfa1.a(uip-ds6.o)
                0x0000000000005a88                uip_ds6_maddr_rm
 .text.uip_ds6_maddr_lookup
                0x0000000000005a92       0x3a contiki-avr-atmega128rfa1.a(uip-ds6.o)
                0x0000000000005a92                uip_ds6_maddr_lookup
 .text.uip_ds6_addr_rm
                0x0000000000005acc       0x76 contiki-avr-atmega128rfa1.a(uip-ds6.o)
                0x0000000000005acc                uip_ds6_addr_rm
 .text.uip_ds6_periodic
                0x0000000000005b42       0x5c contiki-avr-atmega128rfa1.a(uip-ds6.o)
                0x0000000000005b42                uip_ds6_periodic
 .text.uip_ds6_set_addr_iid
                0x0000000000005b9e       0x1c contiki-avr-atmega128rfa1.a(uip-ds6.o)
                0x0000000000005b9e                uip_ds6_set_addr_iid
 .text.get_match_length
                0x0000000000005bba       0x2a contiki-avr-atmega128rfa1.a(uip-ds6.o)
                0x0000000000005bba                get_match_length
 .text.uip_ds6_select_src
                0x0000000000005be4       0xdc contiki-avr-atmega128rfa1.a(uip-ds6.o)
                0x0000000000005be4                uip_ds6_select_src
 .text.uip_ds6_compute_reachable_time
                0x0000000000005cc0       0x58 contiki-avr-atmega128rfa1.a(uip-ds6.o)
                0x0000000000005cc0                uip_ds6_compute_reachable_time
 .text.uip_ds6_init
                0x0000000000005d18      0x1e2 contiki-avr-atmega128rfa1.a(uip-ds6.o)
                0x0000000000005d18                uip_ds6_init
 .text.call_route_callback
                0x0000000000005efa       0x64 contiki-avr-atmega128rfa1.a(uip-ds6-route.o)
 .text.uip_ds6_route_init
                0x0000000000005f5e       0x34 contiki-avr-atmega128rfa1.a(uip-ds6-route.o)
                0x0000000000005f5e                uip_ds6_route_init
 .text.uip_ds6_route_nexthop
                0x0000000000005f92       0x1c contiki-avr-atmega128rfa1.a(uip-ds6-route.o)
                0x0000000000005f92                uip_ds6_route_nexthop
 .text.uip_ds6_route_head
                0x0000000000005fae        0x8 contiki-avr-atmega128rfa1.a(uip-ds6-route.o)
                0x0000000000005fae                uip_ds6_route_head
 .text.uip_ds6_route_next
                0x0000000000005fb6        0xe contiki-avr-atmega128rfa1.a(uip-ds6-route.o)
                0x0000000000005fb6                uip_ds6_route_next
 .text.uip_ds6_route_lookup
                0x0000000000005fc4       0x96 contiki-avr-atmega128rfa1.a(uip-ds6-route.o)
                0x0000000000005fc4                uip_ds6_route_lookup
 .text.uip_ds6_route_rm
                0x000000000000605a       0xce contiki-avr-atmega128rfa1.a(uip-ds6-route.o)
                0x000000000000605a                uip_ds6_route_rm
 .text.rm_routelist
                0x0000000000006128       0x3e contiki-avr-atmega128rfa1.a(uip-ds6-route.o)
 .text.rm_routelist_callback
                0x0000000000006166        0x4 contiki-avr-atmega128rfa1.a(uip-ds6-route.o)
 .text.uip_ds6_route_add
                0x000000000000616a      0x146 contiki-avr-atmega128rfa1.a(uip-ds6-route.o)
                0x000000000000616a                uip_ds6_route_add
 .text.uip_ds6_defrt_rm
                0x00000000000062b0       0x5c contiki-avr-atmega128rfa1.a(uip-ds6-route.o)
                0x00000000000062b0                uip_ds6_defrt_rm
 .text.uip_ds6_defrt_lookup
                0x000000000000630c       0x44 contiki-avr-atmega128rfa1.a(uip-ds6-route.o)
                0x000000000000630c                uip_ds6_defrt_lookup
 .text.uip_ds6_defrt_add
                0x0000000000006350       0x8c contiki-avr-atmega128rfa1.a(uip-ds6-route.o)
                0x0000000000006350                uip_ds6_defrt_add
 .text.uip_ds6_defrt_choose
                0x00000000000063dc       0x48 contiki-avr-atmega128rfa1.a(uip-ds6-route.o)
                0x00000000000063dc                uip_ds6_defrt_choose
 .text.uip_ds6_defrt_periodic
                0x0000000000006424       0x3a contiki-avr-atmega128rfa1.a(uip-ds6-route.o)
                0x0000000000006424                uip_ds6_defrt_periodic
 .text.chksum   0x000000000000645e       0x4a contiki-avr-atmega128rfa1.a(uip6.o)
 .text.upper_layer_chksum
                0x00000000000064a8       0x72 contiki-avr-atmega128rfa1.a(uip6.o)
 .text.ext_hdr_options_process
                0x000000000000651a       0xd4 contiki-avr-atmega128rfa1.a(uip6.o)
 .text.uip_add32
                0x00000000000065ee       0x6e contiki-avr-atmega128rfa1.a(uip6.o)
                0x00000000000065ee                uip_add32
 .text.unlikely.uip_add_rcv_nxt
                0x000000000000665c       0x34 contiki-avr-atmega128rfa1.a(uip6.o)
 .text.uip_icmp6chksum
                0x0000000000006690        0x6 contiki-avr-atmega128rfa1.a(uip6.o)
                0x0000000000006690                uip_icmp6chksum
 .text.uip_tcpchksum
                0x0000000000006696        0x6 contiki-avr-atmega128rfa1.a(uip6.o)
                0x0000000000006696                uip_tcpchksum
 .text.uip_udpchksum
                0x000000000000669c        0x6 contiki-avr-atmega128rfa1.a(uip6.o)
                0x000000000000669c                uip_udpchksum
 .text.uip_init
                0x00000000000066a2       0x64 contiki-avr-atmega128rfa1.a(uip6.o)
                0x00000000000066a2                uip_init
 .text.remove_ext_hdr
                0x0000000000006706       0x6c contiki-avr-atmega128rfa1.a(uip6.o)
                0x0000000000006706                remove_ext_hdr
 .text.uip_udp_new
                0x0000000000006772       0xbc contiki-avr-atmega128rfa1.a(uip6.o)
                0x0000000000006772                uip_udp_new
 .text.uip_unlisten
                0x000000000000682e       0x34 contiki-avr-atmega128rfa1.a(uip6.o)
                0x000000000000682e                uip_unlisten
 .text.uip_process
                0x0000000000006862     0x1112 contiki-avr-atmega128rfa1.a(uip6.o)
                0x0000000000006862                uip_process
 .text.uip_htons
                0x0000000000007974        0x8 contiki-avr-atmega128rfa1.a(uip6.o)
                0x0000000000007974                uip_htons
 .text.uip_htonl
                0x000000000000797c        0x6 contiki-avr-atmega128rfa1.a(uip6.o)
                0x000000000000797c                uip_htonl
 .text.uip_ds6_nbr_rm
                0x0000000000007982       0x2e contiki-avr-atmega128rfa1.a(uip-ds6-nbr.o)
                0x0000000000007982                uip_ds6_nbr_rm
 .text.uip_ds6_neighbors_init
                0x00000000000079b0       0x10 contiki-avr-atmega128rfa1.a(uip-ds6-nbr.o)
                0x00000000000079b0                uip_ds6_neighbors_init
 .text.uip_ds6_nbr_add
                0x00000000000079c0       0x84 contiki-avr-atmega128rfa1.a(uip-ds6-nbr.o)
                0x00000000000079c0                uip_ds6_nbr_add
 .text.uip_ds6_nbr_get_ll
                0x0000000000007a44        0xe contiki-avr-atmega128rfa1.a(uip-ds6-nbr.o)
                0x0000000000007a44                uip_ds6_nbr_get_ll
 .text.uip_ds6_nbr_lookup
                0x0000000000007a52       0x56 contiki-avr-atmega128rfa1.a(uip-ds6-nbr.o)
                0x0000000000007a52                uip_ds6_nbr_lookup
 .text.uip_ds6_nbr_ll_lookup
                0x0000000000007aa8        0xe contiki-avr-atmega128rfa1.a(uip-ds6-nbr.o)
                0x0000000000007aa8                uip_ds6_nbr_ll_lookup
 .text.uip_ds6_nbr_ipaddr_from_lladdr
                0x0000000000007ab6        0x4 contiki-avr-atmega128rfa1.a(uip-ds6-nbr.o)
                0x0000000000007ab6                uip_ds6_nbr_ipaddr_from_lladdr
 .text.uip_ds6_nbr_lladdr_from_ipaddr
                0x0000000000007aba       0x12 contiki-avr-atmega128rfa1.a(uip-ds6-nbr.o)
                0x0000000000007aba                uip_ds6_nbr_lladdr_from_ipaddr
 .text.uip_ds6_link_neighbor_callback
                0x0000000000007acc       0x48 contiki-avr-atmega128rfa1.a(uip-ds6-nbr.o)
                0x0000000000007acc                uip_ds6_link_neighbor_callback
 .text.uip_ds6_neighbor_periodic
                0x0000000000007b14      0x17a contiki-avr-atmega128rfa1.a(uip-ds6-nbr.o)
                0x0000000000007b14                uip_ds6_neighbor_periodic
 .text.na_input
                0x0000000000007c8e      0x28e contiki-avr-atmega128rfa1.a(uip-nd6.o)
 .text.ns_input
                0x0000000000007f1c      0x360 contiki-avr-atmega128rfa1.a(uip-nd6.o)
 .text.uip_nd6_ns_output
                0x000000000000827c      0x200 contiki-avr-atmega128rfa1.a(uip-nd6.o)
                0x000000000000827c                uip_nd6_ns_output
 .text.uip_nd6_init
                0x000000000000847c       0x10 contiki-avr-atmega128rfa1.a(uip-nd6.o)
                0x000000000000847c                uip_nd6_init
 .text.sicslowpan_init
                0x000000000000848c       0x1e contiki-avr-atmega128rfa1.a(sicslowpan.o)
                0x000000000000848c                sicslowpan_init
 .text.set_packet_attrs
                0x00000000000084aa       0x52 contiki-avr-atmega128rfa1.a(sicslowpan.o)
 .text.compress_addr_64
                0x00000000000084fc       0xcc contiki-avr-atmega128rfa1.a(sicslowpan.o)
 .text.addr_context_lookup_by_prefix
                0x00000000000085c8       0x26 contiki-avr-atmega128rfa1.a(sicslowpan.o)
 .text.send_packet
                0x00000000000085ee       0x1e contiki-avr-atmega128rfa1.a(sicslowpan.o)
 .text.output   0x000000000000860c      0x856 contiki-avr-atmega128rfa1.a(sicslowpan.o)
 .text.packet_sent
                0x0000000000008e62       0x32 contiki-avr-atmega128rfa1.a(sicslowpan.o)
 .text.uncompress_addr
                0x0000000000008e94       0xe2 contiki-avr-atmega128rfa1.a(sicslowpan.o)
 .text.input    0x0000000000008f76      0x78c contiki-avr-atmega128rfa1.a(sicslowpan.o)
 .text.packet_timedout
                0x0000000000009702       0x1c contiki-avr-atmega128rfa1.a(uip-packetqueue)
 .text.uip_packetqueue_new
                0x000000000000971e        0x8 contiki-avr-atmega128rfa1.a(uip-packetqueue)
                0x000000000000971e                uip_packetqueue_new
 .text.uip_packetqueue_alloc
                0x0000000000009726       0x5c contiki-avr-atmega128rfa1.a(uip-packetqueue)
                0x0000000000009726                uip_packetqueue_alloc
 .text.uip_packetqueue_free
                0x0000000000009782       0x2c contiki-avr-atmega128rfa1.a(uip-packetqueue)
                0x0000000000009782                uip_packetqueue_free
 .text.uip_packetqueue_buf
                0x00000000000097ae       0x14 contiki-avr-atmega128rfa1.a(uip-packetqueue)
                0x00000000000097ae                uip_packetqueue_buf
 .text.uip_packetqueue_buflen
                0x00000000000097c2       0x1c contiki-avr-atmega128rfa1.a(uip-packetqueue)
                0x00000000000097c2                uip_packetqueue_buflen
 .text.uip_packetqueue_set_buflen
                0x00000000000097de       0x16 contiki-avr-atmega128rfa1.a(uip-packetqueue)
                0x00000000000097de                uip_packetqueue_set_buflen
 .text.uip_udp_packet_send
                0x00000000000097f4       0x42 contiki-avr-atmega128rfa1.a(uip-udp-packet.)
                0x00000000000097f4                uip_udp_packet_send
 .text.uip_udp_packet_sendto
                0x0000000000009836       0x8c contiki-avr-atmega128rfa1.a(uip-udp-packet.)
                0x0000000000009836                uip_udp_packet_sendto
 .text.start_periodic_tcp_timer
                0x00000000000098c2       0x16 contiki-avr-atmega128rfa1.a(tcpip.o)
 .text.tcpip_output
                0x00000000000098d8       0x12 contiki-avr-atmega128rfa1.a(tcpip.o)
                0x00000000000098d8                tcpip_output
 .text.tcpip_set_outputfunc
                0x00000000000098ea        0xa contiki-avr-atmega128rfa1.a(tcpip.o)
                0x00000000000098ea                tcpip_set_outputfunc
 .text.udp_new  0x00000000000098f4       0x26 contiki-avr-atmega128rfa1.a(tcpip.o)
                0x00000000000098f4                udp_new
 .text.tcpip_icmp6_call
                0x000000000000991a       0x2e contiki-avr-atmega128rfa1.a(tcpip.o)
                0x000000000000991a                tcpip_icmp6_call
 .text.tcpip_input
                0x0000000000009948       0x1c contiki-avr-atmega128rfa1.a(tcpip.o)
                0x0000000000009948                tcpip_input
 .text.tcpip_ipv6_output
                0x0000000000009964      0x274 contiki-avr-atmega128rfa1.a(tcpip.o)
                0x0000000000009964                tcpip_ipv6_output
 .text.process_thread_tcpip_process
                0x0000000000009bd8      0x218 contiki-avr-atmega128rfa1.a(tcpip.o)
 .text.tcpip_uipcall
                0x0000000000009df0       0x8a contiki-avr-atmega128rfa1.a(tcpip.o)
                0x0000000000009df0                tcpip_uipcall
 .text.uip_split_output
                0x0000000000009e7a       0xf4 contiki-avr-atmega128rfa1.a(uip-split.o)
                0x0000000000009e7a                uip_split_output
 .text.process_thread_simple_udp_process
                0x0000000000009f6e       0xe2 contiki-avr-atmega128rfa1.a(simple-udp.o)
 .text.simple_udp_register
                0x000000000000a050       0xba contiki-avr-atmega128rfa1.a(simple-udp.o)
                0x000000000000a050                simple_udp_register
 .text.uiplib_ip6addrconv
                0x000000000000a10a      0x136 contiki-avr-atmega128rfa1.a(uiplib.o)
                0x000000000000a10a                uiplib_ip6addrconv
 .text.uip_debug_ipaddr_print
                0x000000000000a240       0xe6 contiki-avr-atmega128rfa1.a(uip-debug.o)
                0x000000000000a240                uip_debug_ipaddr_print
 .text.rpl_verify_header
                0x000000000000a326       0xc6 contiki-avr-atmega128rfa1.a(rpl-ext-header.)
                0x000000000000a326                rpl_verify_header
 .text.rpl_update_header_empty
                0x000000000000a3ec      0x168 contiki-avr-atmega128rfa1.a(rpl-ext-header.)
                0x000000000000a3ec                rpl_update_header_empty
 .text.rpl_update_header_final
                0x000000000000a554       0xd4 contiki-avr-atmega128rfa1.a(rpl-ext-header.)
                0x000000000000a554                rpl_update_header_final
 .text.rpl_invert_header
                0x000000000000a628       0x86 contiki-avr-atmega128rfa1.a(rpl-ext-header.)
                0x000000000000a628                rpl_invert_header
 .text.rpl_insert_header
                0x000000000000a6ae       0x1a contiki-avr-atmega128rfa1.a(rpl-ext-header.)
                0x000000000000a6ae                rpl_insert_header
 .text.rpl_get_mode
                0x000000000000a6c8        0xa contiki-avr-atmega128rfa1.a(rpl.o)
                0x000000000000a6c8                rpl_get_mode
 .text.rpl_purge_routes
                0x000000000000a6d2       0xca contiki-avr-atmega128rfa1.a(rpl.o)
                0x000000000000a6d2                rpl_purge_routes
 .text.rpl_remove_routes
                0x000000000000a79c       0x2c contiki-avr-atmega128rfa1.a(rpl.o)
                0x000000000000a79c                rpl_remove_routes
 .text.rpl_remove_routes_by_nexthop
                0x000000000000a7c8       0x56 contiki-avr-atmega128rfa1.a(rpl.o)
                0x000000000000a7c8                rpl_remove_routes_by_nexthop
 .text.rpl_add_route
                0x000000000000a81e       0x46 contiki-avr-atmega128rfa1.a(rpl.o)
                0x000000000000a81e                rpl_add_route
 .text.rpl_link_neighbor_callback
                0x000000000000a864       0xb8 contiki-avr-atmega128rfa1.a(rpl.o)
                0x000000000000a864                rpl_link_neighbor_callback
 .text.rpl_ipv6_neighbor_callback
                0x000000000000a91c       0x28 contiki-avr-atmega128rfa1.a(rpl.o)
                0x000000000000a91c                rpl_ipv6_neighbor_callback
 .text.rpl_init
                0x000000000000a944       0x78 contiki-avr-atmega128rfa1.a(rpl.o)
                0x000000000000a944                rpl_init
 .text.reset    0x000000000000a9bc        0x2 contiki-avr-atmega128rfa1.a(rpl-mrhof.o)
 .text.update_metric_container
                0x000000000000a9be        0x6 contiki-avr-atmega128rfa1.a(rpl-mrhof.o)
 .text.calculate_rank
                0x000000000000a9c4       0x54 contiki-avr-atmega128rfa1.a(rpl-mrhof.o)
 .text.neighbor_link_callback
                0x000000000000aa18       0xae contiki-avr-atmega128rfa1.a(rpl-mrhof.o)
 .text.best_dag
                0x000000000000aac6       0x40 contiki-avr-atmega128rfa1.a(rpl-mrhof.o)
 .text.best_parent
                0x000000000000ab06       0xa6 contiki-avr-atmega128rfa1.a(rpl-mrhof.o)
 .text.lollipop_greater_than
                0x000000000000abac       0x48 contiki-avr-atmega128rfa1.a(rpl-dag.o)
 .text.rpl_set_preferred_parent
                0x000000000000abf4       0x46 contiki-avr-atmega128rfa1.a(rpl-dag.o)
 .text.set_ip_from_prefix
                0x000000000000ac3a       0x38 contiki-avr-atmega128rfa1.a(rpl-dag.o)
 .text.check_prefix
                0x000000000000ac72       0xb4 contiki-avr-atmega128rfa1.a(rpl-dag.o)
 .text.find_parent_any_dag_any_instance
                0x000000000000ad26       0x16 contiki-avr-atmega128rfa1.a(rpl-dag.o)
 .text.rpl_get_nbr
                0x000000000000ad3c       0x26 contiki-avr-atmega128rfa1.a(rpl-dag.o)
                0x000000000000ad3c                rpl_get_nbr
 .text.rpl_dag_init
                0x000000000000ad62       0x10 contiki-avr-atmega128rfa1.a(rpl-dag.o)
                0x000000000000ad62                rpl_dag_init
 .text.rpl_get_parent
                0x000000000000ad72        0xe contiki-avr-atmega128rfa1.a(rpl-dag.o)
                0x000000000000ad72                rpl_get_parent
 .text.rpl_get_parent_ipaddr
                0x000000000000ad80       0x12 contiki-avr-atmega128rfa1.a(rpl-dag.o)
                0x000000000000ad80                rpl_get_parent_ipaddr
 .text.rpl_set_prefix
                0x000000000000ad92       0xb4 contiki-avr-atmega128rfa1.a(rpl-dag.o)
                0x000000000000ad92                rpl_set_prefix
 .text.rpl_set_default_route
                0x000000000000ae46       0x7c contiki-avr-atmega128rfa1.a(rpl-dag.o)
                0x000000000000ae46                rpl_set_default_route
 .text.rpl_alloc_instance
                0x000000000000aec2       0x32 contiki-avr-atmega128rfa1.a(rpl-dag.o)
                0x000000000000aec2                rpl_alloc_instance
 .text.rpl_add_parent
                0x000000000000aef4       0x76 contiki-avr-atmega128rfa1.a(rpl-dag.o)
                0x000000000000aef4                rpl_add_parent
 .text.rpl_find_parent
                0x000000000000af6a       0x2a contiki-avr-atmega128rfa1.a(rpl-dag.o)
                0x000000000000af6a                rpl_find_parent
 .text.rpl_find_parent_any_dag
                0x000000000000af94       0x36 contiki-avr-atmega128rfa1.a(rpl-dag.o)
                0x000000000000af94                rpl_find_parent_any_dag
 .text.rpl_select_parent
                0x000000000000afca       0xb0 contiki-avr-atmega128rfa1.a(rpl-dag.o)
                0x000000000000afca                rpl_select_parent
 .text.rpl_select_dag
                0x000000000000b07a      0x248 contiki-avr-atmega128rfa1.a(rpl-dag.o)
                0x000000000000b07a                rpl_select_dag
 .text.rpl_nullify_parent
                0x000000000000b2c2       0x7a contiki-avr-atmega128rfa1.a(rpl-dag.o)
                0x000000000000b2c2                rpl_nullify_parent
 .text.rpl_remove_parent
                0x000000000000b33c       0x1c contiki-avr-atmega128rfa1.a(rpl-dag.o)
                0x000000000000b33c                rpl_remove_parent
 .text.nbr_callback
                0x000000000000b358        0x4 contiki-avr-atmega128rfa1.a(rpl-dag.o)
 .text.remove_parents.constprop.4
                0x000000000000b35c       0x46 contiki-avr-atmega128rfa1.a(rpl-dag.o)
 .text.rpl_move_parent
                0x000000000000b3a2       0x7c contiki-avr-atmega128rfa1.a(rpl-dag.o)
                0x000000000000b3a2                rpl_move_parent
 .text.rpl_get_any_dag
                0x000000000000b41e       0x1e contiki-avr-atmega128rfa1.a(rpl-dag.o)
                0x000000000000b41e                rpl_get_any_dag
 .text.rpl_get_instance
                0x000000000000b43c       0x1c contiki-avr-atmega128rfa1.a(rpl-dag.o)
                0x000000000000b43c                rpl_get_instance
 .text.rpl_repair_root
                0x000000000000b458       0x52 contiki-avr-atmega128rfa1.a(rpl-dag.o)
                0x000000000000b458                rpl_repair_root
 .text.rpl_alloc_dag
                0x000000000000b4aa       0x60 contiki-avr-atmega128rfa1.a(rpl-dag.o)
                0x000000000000b4aa                rpl_alloc_dag
 .text.rpl_find_of
                0x000000000000b50a       0x1a contiki-avr-atmega128rfa1.a(rpl-dag.o)
                0x000000000000b50a                rpl_find_of
 .text.rpl_join_instance
                0x000000000000b524      0x1e4 contiki-avr-atmega128rfa1.a(rpl-dag.o)
                0x000000000000b524                rpl_join_instance
 .text.rpl_local_repair
                0x000000000000b708       0xa6 contiki-avr-atmega128rfa1.a(rpl-dag.o)
                0x000000000000b708                rpl_local_repair
 .text.rpl_process_parent_event
                0x000000000000b7ae       0xd8 contiki-avr-atmega128rfa1.a(rpl-dag.o)
                0x000000000000b7ae                rpl_process_parent_event
 .text.rpl_add_dag
                0x000000000000b886      0x178 contiki-avr-atmega128rfa1.a(rpl-dag.o)
                0x000000000000b886                rpl_add_dag
 .text.rpl_recalculate_ranks
                0x000000000000b9fe       0x50 contiki-avr-atmega128rfa1.a(rpl-dag.o)
                0x000000000000b9fe                rpl_recalculate_ranks
 .text.rpl_process_dio
                0x000000000000ba4e      0x420 contiki-avr-atmega128rfa1.a(rpl-dag.o)
                0x000000000000ba4e                rpl_process_dio
 .text.rpl_lock_parent
                0x000000000000be6e        0xe contiki-avr-atmega128rfa1.a(rpl-dag.o)
                0x000000000000be6e                rpl_lock_parent
 .text.send_packet
                0x000000000000be7c        0xa contiki-avr-atmega128rfa1.a(nullmac.o)
 .text.packet_input
                0x000000000000be86        0xa contiki-avr-atmega128rfa1.a(nullmac.o)
 .text.on       0x000000000000be90        0xa contiki-avr-atmega128rfa1.a(nullmac.o)
 .text.off      0x000000000000be9a        0xa contiki-avr-atmega128rfa1.a(nullmac.o)
 .text.channel_check_interval
                0x000000000000bea4        0x6 contiki-avr-atmega128rfa1.a(nullmac.o)
 .text.init     0x000000000000beaa        0x2 contiki-avr-atmega128rfa1.a(nullmac.o)
 .text.parse    0x000000000000beac       0xd4 contiki-avr-atmega128rfa1.a(framer-802154.o)
 .text.create_frame.isra.0
                0x000000000000bf80      0x14c contiki-avr-atmega128rfa1.a(framer-802154.o)
 .text.create   0x000000000000c0cc        0x8 contiki-avr-atmega128rfa1.a(framer-802154.o)
 .text.hdr_length
                0x000000000000c0d4        0x8 contiki-avr-atmega128rfa1.a(framer-802154.o)
 .text.field_len
                0x000000000000c0dc       0x8e contiki-avr-atmega128rfa1.a(frame802154.o)
 .text.frame802154_hdrlen
                0x000000000000c16a       0x46 contiki-avr-atmega128rfa1.a(frame802154.o)
                0x000000000000c16a                frame802154_hdrlen
 .text.frame802154_create
                0x000000000000c1b0      0x1ac contiki-avr-atmega128rfa1.a(frame802154.o)
                0x000000000000c1b0                frame802154_create
 .text.frame802154_parse
                0x000000000000c35c      0x19c contiki-avr-atmega128rfa1.a(frame802154.o)
                0x000000000000c35c                frame802154_parse
 .text.framer_canonical_create_and_secure
                0x000000000000c4f8       0x34 contiki-avr-atmega128rfa1.a(framer.o)
                0x000000000000c4f8                framer_canonical_create_and_secure
 .text.queuebuf_init
                0x000000000000c52c       0x10 contiki-avr-atmega128rfa1.a(queuebuf.o)
                0x000000000000c52c                queuebuf_init
 .text.queuebuf_numfree
                0x000000000000c53c        0x8 contiki-avr-atmega128rfa1.a(queuebuf.o)
                0x000000000000c53c                queuebuf_numfree
 .text.queuebuf_new_from_packetbuf
                0x000000000000c544       0x66 contiki-avr-atmega128rfa1.a(queuebuf.o)
                0x000000000000c544                queuebuf_new_from_packetbuf
 .text.queuebuf_free
                0x000000000000c5aa       0x34 contiki-avr-atmega128rfa1.a(queuebuf.o)
                0x000000000000c5aa                queuebuf_free
 .text.queuebuf_to_packetbuf
                0x000000000000c5de       0x44 contiki-avr-atmega128rfa1.a(queuebuf.o)
                0x000000000000c5de                queuebuf_to_packetbuf
 .text.index_from_key
                0x000000000000c622       0x32 contiki-avr-atmega128rfa1.a(nbr-table.o)
 .text.nbr_set_bit
                0x000000000000c654       0x66 contiki-avr-atmega128rfa1.a(nbr-table.o)
 .text.index_from_lladdr
                0x000000000000c6ba       0x5a contiki-avr-atmega128rfa1.a(nbr-table.o)
 .text.key_from_item
                0x000000000000c714       0x48 contiki-avr-atmega128rfa1.a(nbr-table.o)
 .text.item_from_key
                0x000000000000c75c       0x3e contiki-avr-atmega128rfa1.a(nbr-table.o)
 .text.nbr_get_bit.constprop.0
                0x000000000000c79a       0x4a contiki-avr-atmega128rfa1.a(nbr-table.o)
 .text.nbr_table_register
                0x000000000000c7e4       0x40 contiki-avr-atmega128rfa1.a(nbr-table.o)
                0x000000000000c7e4                nbr_table_register
 .text.nbr_table_next
                0x000000000000c824       0x3e contiki-avr-atmega128rfa1.a(nbr-table.o)
                0x000000000000c824                nbr_table_next
 .text.nbr_table_head
                0x000000000000c862       0x44 contiki-avr-atmega128rfa1.a(nbr-table.o)
                0x000000000000c862                nbr_table_head
 .text.nbr_table_add_lladdr
                0x000000000000c8a6      0x1c0 contiki-avr-atmega128rfa1.a(nbr-table.o)
                0x000000000000c8a6                nbr_table_add_lladdr
 .text.nbr_table_get_from_lladdr
                0x000000000000ca66       0x5e contiki-avr-atmega128rfa1.a(nbr-table.o)
                0x000000000000ca66                nbr_table_get_from_lladdr
 .text.nbr_table_remove
                0x000000000000cac4       0x42 contiki-avr-atmega128rfa1.a(nbr-table.o)
                0x000000000000cac4                nbr_table_remove
 .text.nbr_table_lock
                0x000000000000cb06       0x10 contiki-avr-atmega128rfa1.a(nbr-table.o)
                0x000000000000cb06                nbr_table_lock
 .text.nbr_table_unlock
                0x000000000000cb16       0x10 contiki-avr-atmega128rfa1.a(nbr-table.o)
                0x000000000000cb16                nbr_table_unlock
 .text.nbr_table_get_lladdr
                0x000000000000cb26       0x12 contiki-avr-atmega128rfa1.a(nbr-table.o)
                0x000000000000cb26                nbr_table_get_lladdr
 .text.packetbuf_compact
                0x000000000000cb38       0x3e contiki-avr-atmega128rfa1.a(packetbuf.o)
                0x000000000000cb38                packetbuf_compact
 .text.packetbuf_copyto
                0x000000000000cb76       0x7a contiki-avr-atmega128rfa1.a(packetbuf.o)
                0x000000000000cb76                packetbuf_copyto
 .text.packetbuf_hdrreduce
                0x000000000000cbf0       0x3a contiki-avr-atmega128rfa1.a(packetbuf.o)
                0x000000000000cbf0                packetbuf_hdrreduce
 .text.packetbuf_set_datalen
                0x000000000000cc2a        0xa contiki-avr-atmega128rfa1.a(packetbuf.o)
                0x000000000000cc2a                packetbuf_set_datalen
 .text.packetbuf_dataptr
                0x000000000000cc34        0xe contiki-avr-atmega128rfa1.a(packetbuf.o)
                0x000000000000cc34                packetbuf_dataptr
 .text.packetbuf_hdrptr
                0x000000000000cc42        0xc contiki-avr-atmega128rfa1.a(packetbuf.o)
                0x000000000000cc42                packetbuf_hdrptr
 .text.packetbuf_datalen
                0x000000000000cc4e        0xa contiki-avr-atmega128rfa1.a(packetbuf.o)
                0x000000000000cc4e                packetbuf_datalen
 .text.packetbuf_hdrlen
                0x000000000000cc58       0x10 contiki-avr-atmega128rfa1.a(packetbuf.o)
                0x000000000000cc58                packetbuf_hdrlen
 .text.packetbuf_totlen
                0x000000000000cc68       0x16 contiki-avr-atmega128rfa1.a(packetbuf.o)
                0x000000000000cc68                packetbuf_totlen
 .text.packetbuf_hdralloc
                0x000000000000cc7e       0x3c contiki-avr-atmega128rfa1.a(packetbuf.o)
                0x000000000000cc7e                packetbuf_hdralloc
 .text.packetbuf_attr_clear
                0x000000000000ccba       0x28 contiki-avr-atmega128rfa1.a(packetbuf.o)
                0x000000000000ccba                packetbuf_attr_clear
 .text.packetbuf_clear
                0x000000000000cce2       0x26 contiki-avr-atmega128rfa1.a(packetbuf.o)
                0x000000000000cce2                packetbuf_clear
 .text.packetbuf_copyfrom
                0x000000000000cd08       0x5e contiki-avr-atmega128rfa1.a(packetbuf.o)
                0x000000000000cd08                packetbuf_copyfrom
 .text.packetbuf_attr_copyto
                0x000000000000cd66       0x22 contiki-avr-atmega128rfa1.a(packetbuf.o)
                0x000000000000cd66                packetbuf_attr_copyto
 .text.packetbuf_attr_copyfrom
                0x000000000000cd88       0x22 contiki-avr-atmega128rfa1.a(packetbuf.o)
                0x000000000000cd88                packetbuf_attr_copyfrom
 .text.packetbuf_set_attr
                0x000000000000cdaa       0x16 contiki-avr-atmega128rfa1.a(packetbuf.o)
                0x000000000000cdaa                packetbuf_set_attr
 .text.packetbuf_attr
                0x000000000000cdc0       0x12 contiki-avr-atmega128rfa1.a(packetbuf.o)
                0x000000000000cdc0                packetbuf_attr
 .text.packetbuf_set_addr
                0x000000000000cdd2       0x16 contiki-avr-atmega128rfa1.a(packetbuf.o)
                0x000000000000cdd2                packetbuf_set_addr
 .text.packetbuf_addr
                0x000000000000cde8        0xe contiki-avr-atmega128rfa1.a(packetbuf.o)
                0x000000000000cde8                packetbuf_addr
 .text.packetbuf_holds_broadcast
                0x000000000000cdf6        0xc contiki-avr-atmega128rfa1.a(packetbuf.o)
                0x000000000000cdf6                packetbuf_holds_broadcast
 .text.linkaddr_copy
                0x000000000000ce02       0x10 contiki-avr-atmega128rfa1.a(linkaddr.o)
                0x000000000000ce02                linkaddr_copy
 .text.linkaddr_cmp
                0x000000000000ce12       0x18 contiki-avr-atmega128rfa1.a(linkaddr.o)
                0x000000000000ce12                linkaddr_cmp
 .text.linkaddr_set_node_addr
                0x000000000000ce2a        0xa contiki-avr-atmega128rfa1.a(linkaddr.o)
                0x000000000000ce2a                linkaddr_set_node_addr
 .text.on       0x000000000000ce34        0xa contiki-avr-atmega128rfa1.a(sicslowmac.o)
 .text.channel_check_interval
                0x000000000000ce3e        0x6 contiki-avr-atmega128rfa1.a(sicslowmac.o)
 .text.send_packet
                0x000000000000ce44      0x11c contiki-avr-atmega128rfa1.a(sicslowmac.o)
 .text.send_list
                0x000000000000cf60       0x48 contiki-avr-atmega128rfa1.a(sicslowmac.o)
                0x000000000000cf60                send_list
 .text.input_packet
                0x000000000000cfa8       0xd8 contiki-avr-atmega128rfa1.a(sicslowmac.o)
 .text.init     0x000000000000d080       0x12 contiki-avr-atmega128rfa1.a(sicslowmac.o)
 .text.off      0x000000000000d092       0x18 contiki-avr-atmega128rfa1.a(sicslowmac.o)
 .text.__vector_32
                0x000000000000d0aa       0xee contiki-avr-atmega128rfa1.a(rtimer-arch.o)
                0x000000000000d0aa                __vector_32
 .text.rtimer_arch_init
                0x000000000000d198       0x34 contiki-avr-atmega128rfa1.a(rtimer-arch.o)
                0x000000000000d198                rtimer_arch_init
 .text.rtimer_arch_schedule
                0x000000000000d1cc       0x20 contiki-avr-atmega128rfa1.a(rtimer-arch.o)
                0x000000000000d1cc                rtimer_arch_schedule
 .text.__vector_13
                0x000000000000d1ec       0x14 contiki-avr-atmega128rfa1.a(rtimer-arch.o)
                0x000000000000d1ec                __vector_13
 .text.stimer_set
                0x000000000000d200       0x20 contiki-avr-atmega128rfa1.a(stimer.o)
                0x000000000000d200                stimer_set
 .text.stimer_expired
                0x000000000000d220       0x5c contiki-avr-atmega128rfa1.a(stimer.o)
                0x000000000000d220                stimer_expired
 .text.memb_init
                0x000000000000d27c       0x3c contiki-avr-atmega128rfa1.a(memb.o)
                0x000000000000d27c                memb_init
 .text.memb_alloc
                0x000000000000d2b8       0x4a contiki-avr-atmega128rfa1.a(memb.o)
                0x000000000000d2b8                memb_alloc
 .text.memb_free
                0x000000000000d302       0x4a contiki-avr-atmega128rfa1.a(memb.o)
                0x000000000000d302                memb_free
 .text.memb_inmemb
                0x000000000000d34c       0x3a contiki-avr-atmega128rfa1.a(memb.o)
                0x000000000000d34c                memb_inmemb
 .text.memb_numfree
                0x000000000000d386       0x34 contiki-avr-atmega128rfa1.a(memb.o)
                0x000000000000d386                memb_numfree
 .text.bootstrap
                0x000000000000d3ba        0x4 contiki-avr-atmega128rfa1.a(nullsec.o)
 .text.on_frame_created
                0x000000000000d3be        0x6 contiki-avr-atmega128rfa1.a(nullsec.o)
 .text.input    0x000000000000d3c4        0xa contiki-avr-atmega128rfa1.a(nullsec.o)
 .text.get_overhead
                0x000000000000d3ce        0x4 contiki-avr-atmega128rfa1.a(nullsec.o)
 .text.send     0x000000000000d3d2       0x2c contiki-avr-atmega128rfa1.a(nullsec.o)
 .text.echo_reply_input
                0x000000000000d3fe      0x15a contiki-avr-atmega128rfa1.a(uip-icmp6.o)
 .text.echo_request_input
                0x000000000000d558      0x14a contiki-avr-atmega128rfa1.a(uip-icmp6.o)
 .text.uip_icmp6_input
                0x000000000000d6a2       0x4e contiki-avr-atmega128rfa1.a(uip-icmp6.o)
                0x000000000000d6a2                uip_icmp6_input
 .text.uip_icmp6_register_input_handler
                0x000000000000d6f0        0xa contiki-avr-atmega128rfa1.a(uip-icmp6.o)
                0x000000000000d6f0                uip_icmp6_register_input_handler
 .text.uip_icmp6_error_output
                0x000000000000d6fa      0x1cc contiki-avr-atmega128rfa1.a(uip-icmp6.o)
                0x000000000000d6fa                uip_icmp6_error_output
 .text.uip_icmp6_send
                0x000000000000d8c6       0xb0 contiki-avr-atmega128rfa1.a(uip-icmp6.o)
                0x000000000000d8c6                uip_icmp6_send
 .text.uip_icmp6_init
                0x000000000000d976       0x10 contiki-avr-atmega128rfa1.a(uip-icmp6.o)
                0x000000000000d976                uip_icmp6_init
 .text.get32    0x000000000000d986       0x1c contiki-avr-atmega128rfa1.a(rpl-icmp6.o)
 .text.set32    0x000000000000d9a2       0x10 contiki-avr-atmega128rfa1.a(rpl-icmp6.o)
 .text.get16    0x000000000000d9b2       0x10 contiki-avr-atmega128rfa1.a(rpl-icmp6.o)
 .text.set16    0x000000000000d9c2        0xc contiki-avr-atmega128rfa1.a(rpl-icmp6.o)
 .text.dao_ack_input
                0x000000000000d9ce        0xa contiki-avr-atmega128rfa1.a(rpl-icmp6.o)
 .text.dio_input
                0x000000000000d9d8      0x354 contiki-avr-atmega128rfa1.a(rpl-icmp6.o)
 .text.dis_output
                0x000000000000dd2c       0x74 contiki-avr-atmega128rfa1.a(rpl-icmp6.o)
                0x000000000000dd2c                dis_output
 .text.dio_output
                0x000000000000dda0      0x316 contiki-avr-atmega128rfa1.a(rpl-icmp6.o)
                0x000000000000dda0                dio_output
 .text.dis_input
                0x000000000000e0b6       0x30 contiki-avr-atmega128rfa1.a(rpl-icmp6.o)
 .text.dao_output_target
                0x000000000000e0e6      0x11e contiki-avr-atmega128rfa1.a(rpl-icmp6.o)
                0x000000000000e0e6                dao_output_target
 .text.dao_output
                0x000000000000e204       0x88 contiki-avr-atmega128rfa1.a(rpl-icmp6.o)
                0x000000000000e204                dao_output
 .text.dao_ack_output
                0x000000000000e28c       0x36 contiki-avr-atmega128rfa1.a(rpl-icmp6.o)
                0x000000000000e28c                dao_ack_output
 .text.dao_input
                0x000000000000e2c2      0x35c contiki-avr-atmega128rfa1.a(rpl-icmp6.o)
 .text.rpl_icmp6_register_handlers
                0x000000000000e61e       0x20 contiki-avr-atmega128rfa1.a(rpl-icmp6.o)
                0x000000000000e61e                rpl_icmp6_register_handlers
 .text.new_dio_interval
                0x000000000000e63e       0x9c contiki-avr-atmega128rfa1.a(rpl-timers.o)
 .text.handle_periodic_timer
                0x000000000000e6da       0x46 contiki-avr-atmega128rfa1.a(rpl-timers.o)
 .text.set_dao_lifetime_timer
                0x000000000000e720       0x5a contiki-avr-atmega128rfa1.a(rpl-timers.o)
 .text.handle_dio_timer
                0x000000000000e77a       0xb4 contiki-avr-atmega128rfa1.a(rpl-timers.o)
 .text.schedule_dao
                0x000000000000e82e       0x80 contiki-avr-atmega128rfa1.a(rpl-timers.o)
 .text.handle_dao_timer
                0x000000000000e8ae       0x7e contiki-avr-atmega128rfa1.a(rpl-timers.o)
 .text.rpl_reset_periodic_timer
                0x000000000000e92c       0x3a contiki-avr-atmega128rfa1.a(rpl-timers.o)
                0x000000000000e92c                rpl_reset_periodic_timer
 .text.rpl_reset_dio_timer
                0x000000000000e966       0x20 contiki-avr-atmega128rfa1.a(rpl-timers.o)
                0x000000000000e966                rpl_reset_dio_timer
 .text.rpl_schedule_dao
                0x000000000000e986        0x8 contiki-avr-atmega128rfa1.a(rpl-timers.o)
                0x000000000000e986                rpl_schedule_dao
 .text.rpl_schedule_probing
                0x000000000000e98e       0x2a contiki-avr-atmega128rfa1.a(rpl-timers.o)
                0x000000000000e98e                rpl_schedule_probing
 .text.handle_probing_timer
                0x000000000000e9b8      0x184 contiki-avr-atmega128rfa1.a(rpl-timers.o)
 .text.libgcc.div
                0x000000000000eb3c       0x28 /usr/lib/gcc/avr/4.8.1/avr51/libgcc.a(_udivmodhi4.o)
                0x000000000000eb3c                __udivmodhi4
 .text.libgcc.div
                0x000000000000eb64       0x28 /usr/lib/gcc/avr/4.8.1/avr51/libgcc.a(_divmodhi4.o)
                0x000000000000eb64                __divmodhi4
                0x000000000000eb64                _div
 .text.libgcc.div
                0x000000000000eb8c       0x44 /usr/lib/gcc/avr/4.8.1/avr51/libgcc.a(_udivmodsi4.o)
                0x000000000000eb8c                __udivmodsi4
 .text.libgcc   0x000000000000ebd0        0xc /usr/lib/gcc/avr/4.8.1/avr51/libgcc.a(_tablejump.o)
                0x000000000000ebd0                __tablejump2__
                0x000000000000ebd4                __tablejump__
 .text.libgcc.builtins
                0x000000000000ebdc        0xe /usr/lib/gcc/avr/4.8.1/avr51/libgcc.a(_bswapsi2.o)
                0x000000000000ebdc                __bswapsi2
 .text.libgcc.mul
                0x000000000000ebea       0x1e /usr/lib/gcc/avr/4.8.1/avr51/libgcc.a(_umulhisi3.o)
                0x000000000000ebea                __umulhisi3
 .text.avr-libc
                0x000000000000ec08      0x24e /usr/lib/gcc/avr/4.8.1/../../../avr/lib/avr51/libc.a(malloc.o)
                0x000000000000ec08                malloc
                0x000000000000ed38                free
 .text.avr-libc
                0x000000000000ee56       0xb8 /usr/lib/gcc/avr/4.8.1/../../../avr/lib/avr51/libc.a(rand.o)
                0x000000000000eeec                rand_r
                0x000000000000eef0                rand
                0x000000000000eef8                srand
 .text.avr-libc
                0x000000000000ef0e       0x1a /usr/lib/gcc/avr/4.8.1/../../../avr/lib/avr51/libc.a(memcmp.o)
                0x000000000000ef0e                memcmp
 .text.avr-libc
                0x000000000000ef28       0x12 /usr/lib/gcc/avr/4.8.1/../../../avr/lib/avr51/libc.a(memcpy.o)
                0x000000000000ef28                memcpy
 .text.avr-libc
                0x000000000000ef3a       0x24 /usr/lib/gcc/avr/4.8.1/../../../avr/lib/avr51/libc.a(memmove.o)
                0x000000000000ef3a                memmove
 .text.avr-libc